[2026-02-16 10:25:59,136: WARNING/ForkPoolWorker-1] Updated markawarded to 0 and feedback to 'No solution found.' for sessionid 1072054, questionid q6_1e
[2026-02-16 10:25:59,146: WARNING/ForkPoolWorker-2] Updated markawarded to 0 and feedback to 'No solution found.' for sessionid 1072055, questionid Firstname
[2026-02-16 10:25:59,155: WARNING/ForkPoolWorker-1] Updated markawarded to 0 and feedback to 'No solution found.' for sessionid 1072054, questionid q6_1f
[2026-02-16 10:25:59,162: WARNING/ForkPoolWorker-2] Updated markawarded to 0 and feedback to 'No solution found.' for sessionid 1072055, questionid q1_1
[2026-02-16 10:25:59,170: WARNING/ForkPoolWorker-1] Updated markawarded to 0 and feedback to 'No solution found.' for sessionid 1072054, questionid q6_1g
[2026-02-16 10:25:59,174: WARNING/ForkPoolWorker-2] Updated markawarded to 0 and feedback to 'No solution found.' for sessionid 1072055, questionid q1_2a
[2026-02-16 10:25:59,182: WARNING/ForkPoolWorker-1] Updated markawarded to 0 and feedback to 'No solution found.' for sessionid 1072054, questionid q6_1h
[2026-02-16 10:25:59,186: WARNING/ForkPoolWorker-2] Updated markawarded to 0 and feedback to 'No solution found.' for sessionid 1072055, questionid q1_2b
[2026-02-16 10:25:59,193: WARNING/ForkPoolWorker-1] Updated markawarded to 0 and feedback to 'No solution found.' for sessionid 1072054, questionid q6_1i
[2026-02-16 10:25:59,199: WARNING/ForkPoolWorker-2] Updated markawarded to 0 and feedback to 'No solution found.' for sessionid 1072055, questionid q1_2c
[2026-02-16 10:25:59,205: WARNING/ForkPoolWorker-1] Updated markawarded to 0 and feedback to 'No solution found.' for sessionid 1072054, questionid q6_1j
[2026-02-16 10:25:59,211: WARNING/ForkPoolWorker-2] Updated markawarded to 0 and feedback to 'No solution found.' for sessionid 1072055, questionid q1_2d
[2026-02-16 10:25:59,216: WARNING/ForkPoolWorker-1] Updated markawarded to 0 and feedback to 'No solution found.' for sessionid 1072054, questionid q6_2a
[2026-02-16 10:25:59,224: WARNING/ForkPoolWorker-2] Updated markawarded to 0 and feedback to 'No solution found.' for sessionid 1072055, questionid q1_2e
[2026-02-16 10:25:59,231: WARNING/ForkPoolWorker-1] Updated markawarded to 0 and feedback to 'No solution found.' for sessionid 1072054, questionid q6_2b
[2026-02-16 10:25:59,237: WARNING/ForkPoolWorker-2] Updated markawarded to 0 and feedback to 'No solution found.' for sessionid 1072055, questionid q1_2f
[2026-02-16 10:25:59,243: WARNING/ForkPoolWorker-1] Updated markawarded to 0 and feedback to 'No solution found.' for sessionid 1072054, questionid q6_2c
[2026-02-16 10:25:59,257: WARNING/ForkPoolWorker-1] Updated markawarded to 0 and feedback to 'No solution found.' for sessionid 1072054, questionid q6_2d
[2026-02-16 10:25:59,257: WARNING/ForkPoolWorker-2] Updated markawarded to 0 and feedback to 'No solution found.' for sessionid 1072055, questionid q1_2g
[2026-02-16 10:25:59,272: WARNING/ForkPoolWorker-2] Updated markawarded to 0 and feedback to 'No solution found.' for sessionid 1072055, questionid q1_2h
[2026-02-16 10:25:59,272: WARNING/ForkPoolWorker-1] Updated markawarded to 0 and feedback to 'No solution found.' for sessionid 1072054, questionid q6_2e
[2026-02-16 10:25:59,288: WARNING/ForkPoolWorker-2] Updated markawarded to 0 and feedback to 'No solution found.' for sessionid 1072055, questionid q1_2i
[2026-02-16 10:25:59,288: WARNING/ForkPoolWorker-1] Updated markawarded to 0 and feedback to 'No solution found.' for sessionid 1072054, questionid q6_2f
[2026-02-16 10:25:59,303: WARNING/ForkPoolWorker-1] Updated markawarded to 0 and feedback to 'No solution found.' for sessionid 1072054, questionid q6_2g
[2026-02-16 10:25:59,303: WARNING/ForkPoolWorker-2] Updated markawarded to 0 and feedback to 'No solution found.' for sessionid 1072055, questionid q1_3
[2026-02-16 10:25:59,317: WARNING/ForkPoolWorker-2] Updated markawarded to 0 and feedback to 'No solution found.' for sessionid 1072055, questionid q1_4
[2026-02-16 10:25:59,318: WARNING/ForkPoolWorker-1] Updated markawarded to 0 and feedback to 'No solution found.' for sessionid 1072054, questionid q6_3
[2026-02-16 10:25:59,333: WARNING/ForkPoolWorker-2] Updated markawarded to 0 and feedback to 'No solution found.' for sessionid 1072055, questionid q2_2a
[2026-02-16 10:25:59,334: WARNING/ForkPoolWorker-1] Updated markawarded to 0 and feedback to 'No solution found.' for sessionid 1072054, questionid q6_4
[2026-02-16 10:25:59,349: WARNING/ForkPoolWorker-1] Updated markawarded to 0 and feedback to 'No solution found.' for sessionid 1072054, questionid q7_1
[2026-02-16 10:25:59,349: WARNING/ForkPoolWorker-2] Updated markawarded to 0 and feedback to 'No solution found.' for sessionid 1072055, questionid q2_2b
[2026-02-16 10:25:59,369: WARNING/ForkPoolWorker-1] Updated markawarded to 0 and feedback to 'No solution found.' for sessionid 1072054, questionid q7_2
[2026-02-16 10:25:59,369: WARNING/ForkPoolWorker-2] Updated markawarded to 0 and feedback to 'No solution found.' for sessionid 1072055, questionid q2_2c
[2026-02-16 10:25:59,380: WARNING/ForkPoolWorker-2] Updated markawarded to 0 and feedback to 'No solution found.' for sessionid 1072055, questionid q2_2d
[2026-02-16 10:25:59,381: WARNING/ForkPoolWorker-1] Updated markawarded to 0 and feedback to 'No solution found.' for sessionid 1072054, questionid q7_3a
[2026-02-16 10:25:59,391: WARNING/ForkPoolWorker-2] Updated markawarded to 0 and feedback to 'No solution found.' for sessionid 1072055, questionid q2_2e
[2026-02-16 10:25:59,394: WARNING/ForkPoolWorker-1] Updated markawarded to 0 and feedback to 'No solution found.' for sessionid 1072054, questionid q7_3b
[2026-02-16 10:25:59,404: WARNING/ForkPoolWorker-2] Updated markawarded to 0 and feedback to 'No solution found.' for sessionid 1072055, questionid q2_2f
[2026-02-16 10:25:59,408: WARNING/ForkPoolWorker-1] Updated markawarded to 0 and feedback to 'No solution found.' for sessionid 1072054, questionid q7_3c
[2026-02-16 10:25:59,419: WARNING/ForkPoolWorker-2] Updated markawarded to 0 and feedback to 'No solution found.' for sessionid 1072055, questionid q2_2g
[2026-02-16 10:25:59,420: WARNING/ForkPoolWorker-1] Updated markawarded to 0 and feedback to 'No solution found.' for sessionid 1072054, questionid Surname
[2026-02-16 10:25:59,427: WARNING/ForkPoolWorker-1] ✓ Batch broadcast 70 marks for session 1072054
[2026-02-16 10:25:59,427: INFO/ForkPoolWorker-1] [Celery Task] ✓ Completed marking for submission 1072054
[2026-02-16 10:25:59,429: INFO/ForkPoolWorker-1] Task myapp.tasks.mark_submission_async[b5035d89-f63a-46c4-ab32-511024312cbb] succeeded in 1.175304625008721s: {'status': 'success', 'submission_id': 1072054}
[2026-02-16 10:25:59,435: WARNING/ForkPoolWorker-2] Updated markawarded to 0 and feedback to 'No solution found.' for sessionid 1072055, questionid q2_2h
[2026-02-16 10:25:59,446: WARNING/ForkPoolWorker-2] Updated markawarded to 0 and feedback to 'No solution found.' for sessionid 1072055, questionid q2_3
[2026-02-16 10:25:59,467: WARNING/ForkPoolWorker-2] Updated markawarded to 0 and feedback to 'No solution found.' for sessionid 1072055, questionid q2_chart
[2026-02-16 10:25:59,482: WARNING/ForkPoolWorker-2] Updated markawarded to 0 and feedback to 'No solution found.' for sessionid 1072055, questionid q3_1a
[2026-02-16 10:25:59,494: WARNING/ForkPoolWorker-2] Updated markawarded to 0 and feedback to 'No solution found.' for sessionid 1072055, questionid q3_1b
[2026-02-16 10:25:59,506: WARNING/ForkPoolWorker-2] Updated markawarded to 0 and feedback to 'No solution found.' for sessionid 1072055, questionid q3_1c
[2026-02-16 10:25:59,520: WARNING/ForkPoolWorker-2] Updated markawarded to 0 and feedback to 'No solution found.' for sessionid 1072055, questionid q3_1d
[2026-02-16 10:25:59,536: WARNING/ForkPoolWorker-2] Updated markawarded to 0 and feedback to 'No solution found.' for sessionid 1072055, questionid q3_2
[2026-02-16 10:25:59,547: WARNING/ForkPoolWorker-2] Updated markawarded to 0 and feedback to 'No solution found.' for sessionid 1072055, questionid q3_3
[2026-02-16 10:25:59,563: WARNING/ForkPoolWorker-2] Updated markawarded to 0 and feedback to 'No solution found.' for sessionid 1072055, questionid q4_1
[2026-02-16 10:25:59,575: WARNING/ForkPoolWorker-2] Updated markawarded to 0 and feedback to 'No solution found.' for sessionid 1072055, questionid q4_2ai
[2026-02-16 10:25:59,589: WARNING/ForkPoolWorker-2] Updated markawarded to 0 and feedback to 'No solution found.' for sessionid 1072055, questionid q4_2aii
[2026-02-16 10:25:59,601: WARNING/ForkPoolWorker-2] Updated markawarded to 0 and feedback to 'No solution found.' for sessionid 1072055, questionid q4_2aiii
[2026-02-16 10:25:59,612: WARNING/ForkPoolWorker-2] Updated markawarded to 0 and feedback to 'No solution found.' for sessionid 1072055, questionid q4_2aiv
[2026-02-16 10:25:59,625: WARNING/ForkPoolWorker-2] Updated markawarded to 0 and feedback to 'No solution found.' for sessionid 1072055, questionid q4_2bi
[2026-02-16 10:25:59,638: WARNING/ForkPoolWorker-2] Updated markawarded to 0 and feedback to 'No solution found.' for sessionid 1072055, questionid q4_2bii
[2026-02-16 10:25:59,649: WARNING/ForkPoolWorker-2] Updated markawarded to 0 and feedback to 'No solution found.' for sessionid 1072055, questionid q4_2biii
[2026-02-16 10:25:59,666: WARNING/ForkPoolWorker-2] Updated markawarded to 0 and feedback to 'No solution found.' for sessionid 1072055, questionid q4_2biv
[2026-02-16 10:25:59,679: WARNING/ForkPoolWorker-2] Updated markawarded to 0 and feedback to 'No solution found.' for sessionid 1072055, questionid q4_2bv
[2026-02-16 10:25:59,690: WARNING/ForkPoolWorker-2] Updated markawarded to 0 and feedback to 'No solution found.' for sessionid 1072055, questionid q4_2bvi
[2026-02-16 10:25:59,702: WARNING/ForkPoolWorker-2] Updated markawarded to 0 and feedback to 'No solution found.' for sessionid 1072055, questionid q5_2
[2026-02-16 10:25:59,713: WARNING/ForkPoolWorker-2] Updated markawarded to 0 and feedback to 'No solution found.' for sessionid 1072055, questionid q5_3
[2026-02-16 10:25:59,727: WARNING/ForkPoolWorker-2] Updated markawarded to 0 and feedback to 'No solution found.' for sessionid 1072055, questionid q5_4
[2026-02-16 10:25:59,743: WARNING/ForkPoolWorker-2] Updated markawarded to 0 and feedback to 'No solution found.' for sessionid 1072055, questionid q5_chart
[2026-02-16 10:25:59,759: WARNING/ForkPoolWorker-2] Updated markawarded to 0 and feedback to 'No solution found.' for sessionid 1072055, questionid q6_1a
[2026-02-16 10:25:59,775: WARNING/ForkPoolWorker-2] Updated markawarded to 0 and feedback to 'No solution found.' for sessionid 1072055, questionid q6_1b
[2026-02-16 10:25:59,883: WARNING/ForkPoolWorker-2] Updated markawarded to 0 and feedback to 'No solution found.' for sessionid 1072055, questionid q6_1c
[2026-02-16 10:25:59,893: WARNING/ForkPoolWorker-2] Updated markawarded to 0 and feedback to 'No solution found.' for sessionid 1072055, questionid q6_1d
[2026-02-16 10:25:59,907: WARNING/ForkPoolWorker-2] Updated markawarded to 0 and feedback to 'No solution found.' for sessionid 1072055, questionid q6_1e
[2026-02-16 10:25:59,917: WARNING/ForkPoolWorker-2] Updated markawarded to 0 and feedback to 'No solution found.' for sessionid 1072055, questionid q6_1f
[2026-02-16 10:25:59,929: WARNING/ForkPoolWorker-2] Updated markawarded to 0 and feedback to 'No solution found.' for sessionid 1072055, questionid q6_1g
[2026-02-16 10:25:59,947: WARNING/ForkPoolWorker-2] Updated markawarded to 0 and feedback to 'No solution found.' for sessionid 1072055, questionid q6_1h
[2026-02-16 10:25:59,957: WARNING/ForkPoolWorker-2] Updated markawarded to 0 and feedback to 'No solution found.' for sessionid 1072055, questionid q6_1i
[2026-02-16 10:25:59,975: WARNING/ForkPoolWorker-2] Updated markawarded to 0 and feedback to 'No solution found.' for sessionid 1072055, questionid q6_1j
[2026-02-16 10:25:59,986: WARNING/ForkPoolWorker-2] Updated markawarded to 0 and feedback to 'No solution found.' for sessionid 1072055, questionid q6_2a
[2026-02-16 10:25:59,997: WARNING/ForkPoolWorker-2] Updated markawarded to 0 and feedback to 'No solution found.' for sessionid 1072055, questionid q6_2b
[2026-02-16 10:26:00,007: WARNING/ForkPoolWorker-2] Updated markawarded to 0 and feedback to 'No solution found.' for sessionid 1072055, questionid q6_2c
[2026-02-16 10:26:00,017: WARNING/ForkPoolWorker-2] Updated markawarded to 0 and feedback to 'No solution found.' for sessionid 1072055, questionid q6_2d
[2026-02-16 10:26:00,031: WARNING/ForkPoolWorker-2] Updated markawarded to 0 and feedback to 'No solution found.' for sessionid 1072055, questionid q6_2e
[2026-02-16 10:26:00,043: WARNING/ForkPoolWorker-2] Updated markawarded to 0 and feedback to 'No solution found.' for sessionid 1072055, questionid q6_2f
[2026-02-16 10:26:00,055: WARNING/ForkPoolWorker-2] Updated markawarded to 0 and feedback to 'No solution found.' for sessionid 1072055, questionid q6_2g
[2026-02-16 10:26:00,076: WARNING/ForkPoolWorker-2] Updated markawarded to 0 and feedback to 'No solution found.' for sessionid 1072055, questionid q6_3
[2026-02-16 10:26:00,087: WARNING/ForkPoolWorker-2] Updated markawarded to 0 and feedback to 'No solution found.' for sessionid 1072055, questionid q6_4
[2026-02-16 10:26:00,100: WARNING/ForkPoolWorker-2] Updated markawarded to 0 and feedback to 'No solution found.' for sessionid 1072055, questionid q7_1
[2026-02-16 10:26:00,111: WARNING/ForkPoolWorker-2] Updated markawarded to 0 and feedback to 'No solution found.' for sessionid 1072055, questionid q7_2
[2026-02-16 10:26:00,122: WARNING/ForkPoolWorker-2] Updated markawarded to 0 and feedback to 'No solution found.' for sessionid 1072055, questionid q7_3a
[2026-02-16 10:26:00,136: WARNING/ForkPoolWorker-2] Updated markawarded to 0 and feedback to 'No solution found.' for sessionid 1072055, questionid q7_3b
[2026-02-16 10:26:00,151: WARNING/ForkPoolWorker-2] Updated markawarded to 0 and feedback to 'No solution found.' for sessionid 1072055, questionid q7_3c
[2026-02-16 10:26:00,162: WARNING/ForkPoolWorker-2] Updated markawarded to 0 and feedback to 'No solution found.' for sessionid 1072055, questionid Surname
[2026-02-16 10:26:00,166: WARNING/ForkPoolWorker-2] ✓ Batch broadcast 70 marks for session 1072055
[2026-02-16 10:26:00,166: INFO/ForkPoolWorker-2] [Celery Task] ✓ Completed marking for submission 1072055
[2026-02-16 10:26:00,167: INFO/ForkPoolWorker-2] Task myapp.tasks.mark_submission_async[d360b674-038c-4b8d-9513-913b352c5213] succeeded in 1.1296344580186997s: {'status': 'success', 'submission_id': 1072055}
[2026-02-16 10:26:01,690: INFO/MainProcess] Task myapp.tasks.mark_submission_async[8d646f59-5e83-4b85-9bca-c382858daa02] received
[2026-02-16 10:26:01,693: INFO/ForkPoolWorker-2] [Celery Task] Starting marking for submission 1072056
[2026-02-16 10:26:01,694: WARNING/ForkPoolWorker-2] Step 2: Marking actually started with sessionid: 1072056
[2026-02-16 10:26:01,695: WARNING/ForkPoolWorker-2] Step 2a: sessionid type = <class 'int'>, value = 1072056
[2026-02-16 10:26:01,780: WARNING/ForkPoolWorker-2] Step 2b: COUNT(*) for sessionid 1072056 = 70
[2026-02-16 10:26:01,795: WARNING/ForkPoolWorker-2] Step 3: Fetched 70 answers for sessionid 1072056
[2026-02-16 10:26:01,796: WARNING/ForkPoolWorker-2] Reached after fetchall, answers:
[2026-02-16 10:26:01,796: WARNING/ForkPoolWorker-2]  
[2026-02-16 10:26:01,797: WARNING/ForkPoolWorker-2] [(1072056, 'exam_ID', 'hllboi001', 0.0, 'hllboi001', None), (1072056, 'Firstname', '', 0.0, '', None), (1072056, 'q1_1', '', 0.0, '', None), (1072056, 'q1_2a', '', 0.0, '', None), (1072056, 'q1_2b', '', 0.0, '', None), (1072056, 'q1_2c', '', 0.0, '', None), (1072056, 'q1_2d', '', 0.0, '', None), (1072056, 'q1_2e', '', 0.0, '', None), (1072056, 'q1_2f', '', 0.0, '', None), (1072056, 'q1_2g', '', 0.0, '', None), (1072056, 'q1_2h', '', 0.0, '', None), (1072056, 'q1_2i', '', 0.0, '', None), (1072056, 'q1_3', '', 0.0, '', None), (1072056, 'q1_4', 'C', 0.0, 'C', None), (1072056, 'q2_2a', '', 0.0, '', None), (1072056, 'q2_2b', '', 0.0, '', None), (1072056, 'q2_2c', '', 0.0, '', None), (1072056, 'q2_2d', '', 0.0, '', None), (1072056, 'q2_2e', '', 0.0, '', None), (1072056, 'q2_2f', '', 0.0, '', None), (1072056, 'q2_2g', '', 0.0, '', None), (1072056, 'q2_2h', '', 0.0, '', None), (1072056, 'q2_3', 'B', 0.0, 'B', None), (1072056, 'q2_chart', 'place your chart here', 0.0, 'place your chart here', None), (1072056, 'q3_1a', '', 0.0, '', None), (1072056, 'q3_1b', '', 0.0, '', None), (1072056, 'q3_1c', '', 0.0, '', None), (1072056, 'q3_1d', '', 0.0, '', None), (1072056, 'q3_2', '', 0.0, '', None), (1072056, 'q3_3', '', 0.0, '', None), (1072056, 'q4_1', '', 0.0, '', None), (1072056, 'q4_2ai', '', 0.0, '', None), (1072056, 'q4_2aii', '', 0.0, '', None), (1072056, 'q4_2aiii', '', 0.0, '', None), (1072056, 'q4_2aiv', '', 0.0, '', None), (1072056, 'q4_2bi', '', 0.0, '', None), (1072056, 'q4_2bii', '', 0.0, '', None), (1072056, 'q4_2biii', '', 0.0, '', None), (1072056, 'q4_2biv', '', 0.0, '', None), (1072056, 'q4_2bv', '', 0.0, '', None), (1072056, 'q4_2bvi', '', 0.0, '', None), (1072056, 'q5_2', '', 0.0, '', None), (1072056, 'q5_3', '', 0.0, '', None), (1072056, 'q5_4', 'B', 0.0, 'B', None), (1072056, 'q5_chart', 'place your chart here', 0.0, 'place your chart here', None), (1072056, 'q6_1a', '', 0.0, '', None), (1072056, 'q6_1b', '', 0.0, '', None), (1072056, 'q6_1c', '', 0.0, '', None), (1072056, 'q6_1d', '', 0.0, '', None), (1072056, 'q6_1e', '', 0.0, '', None), (1072056, 'q6_1f', '', 0.0, '', None), (1072056, 'q6_1g', '', 0.0, '', None), (1072056, 'q6_1h', '', 0.0, '', None), (1072056, 'q6_1i', '', 0.0, '', None), (1072056, 'q6_1j', '', 0.0, '', None), (1072056, 'q6_2a', '', 0.0, '', None), (1072056, 'q6_2b', '', 0.0, '', None), (1072056, 'q6_2c', '', 0.0, '', None), (1072056, 'q6_2d', '', 0.0, '', None), (1072056, 'q6_2e', '', 0.0, '', None), (1072056, 'q6_2f', '', 0.0, '', None), (1072056, 'q6_2g', '', 0.0, '', None), (1072056, 'q6_3', '', 0.0, '', None), (1072056, 'q6_4', '', 0.0, '', None), (1072056, 'q7_1', '', 0.0, '', None), (1072056, 'q7_2', '', 0.0, '', None), (1072056, 'q7_3a', '', 0.0, '', None), (1072056, 'q7_3b', '', 0.0, '', None), (1072056, 'q7_3c', '', 0.0, '', None), (1072056, 'Surname', '', 0.0, '', None)]
[2026-02-16 10:26:01,818: WARNING/ForkPoolWorker-2] Updated markawarded to 0 and feedback to 'No solution found.' for sessionid 1072056, questionid exam_ID
[2026-02-16 10:26:01,832: WARNING/ForkPoolWorker-2] Updated markawarded to 0 and feedback to 'No solution found.' for sessionid 1072056, questionid Firstname
[2026-02-16 10:26:01,844: WARNING/ForkPoolWorker-2] Updated markawarded to 0 and feedback to 'No solution found.' for sessionid 1072056, questionid q1_1
[2026-02-16 10:26:01,858: WARNING/ForkPoolWorker-2] Updated markawarded to 0 and feedback to 'No solution found.' for sessionid 1072056, questionid q1_2a
[2026-02-16 10:26:01,873: WARNING/ForkPoolWorker-2] Updated markawarded to 0 and feedback to 'No solution found.' for sessionid 1072056, questionid q1_2b
[2026-02-16 10:26:01,886: WARNING/ForkPoolWorker-2] Updated markawarded to 0 and feedback to 'No solution found.' for sessionid 1072056, questionid q1_2c
[2026-02-16 10:26:01,899: WARNING/ForkPoolWorker-2] Updated markawarded to 0 and feedback to 'No solution found.' for sessionid 1072056, questionid q1_2d
[2026-02-16 10:26:01,912: WARNING/ForkPoolWorker-2] Updated markawarded to 0 and feedback to 'No solution found.' for sessionid 1072056, questionid q1_2e
[2026-02-16 10:26:01,928: WARNING/ForkPoolWorker-2] Updated markawarded to 0 and feedback to 'No solution found.' for sessionid 1072056, questionid q1_2f
[2026-02-16 10:26:01,941: WARNING/ForkPoolWorker-2] Updated markawarded to 0 and feedback to 'No solution found.' for sessionid 1072056, questionid q1_2g
[2026-02-16 10:26:01,955: WARNING/ForkPoolWorker-2] Updated markawarded to 0 and feedback to 'No solution found.' for sessionid 1072056, questionid q1_2h
[2026-02-16 10:26:01,967: WARNING/ForkPoolWorker-2] Updated markawarded to 0 and feedback to 'No solution found.' for sessionid 1072056, questionid q1_2i
[2026-02-16 10:26:01,986: WARNING/ForkPoolWorker-2] Updated markawarded to 0 and feedback to 'No solution found.' for sessionid 1072056, questionid q1_3
[2026-02-16 10:26:01,999: WARNING/ForkPoolWorker-2] Updated markawarded to 0 and feedback to 'No solution found.' for sessionid 1072056, questionid q1_4
[2026-02-16 10:26:02,014: WARNING/ForkPoolWorker-2] Updated markawarded to 0 and feedback to 'No solution found.' for sessionid 1072056, questionid q2_2a
[2026-02-16 10:26:02,029: WARNING/ForkPoolWorker-2] Updated markawarded to 0 and feedback to 'No solution found.' for sessionid 1072056, questionid q2_2b
[2026-02-16 10:26:02,041: WARNING/ForkPoolWorker-2] Updated markawarded to 0 and feedback to 'No solution found.' for sessionid 1072056, questionid q2_2c
[2026-02-16 10:26:02,052: WARNING/ForkPoolWorker-2] Updated markawarded to 0 and feedback to 'No solution found.' for sessionid 1072056, questionid q2_2d
[2026-02-16 10:26:02,069: WARNING/ForkPoolWorker-2] Updated markawarded to 0 and feedback to 'No solution found.' for sessionid 1072056, questionid q2_2e
[2026-02-16 10:26:02,087: WARNING/ForkPoolWorker-2] Updated markawarded to 0 and feedback to 'No solution found.' for sessionid 1072056, questionid q2_2f
[2026-02-16 10:26:02,102: WARNING/ForkPoolWorker-2] Updated markawarded to 0 and feedback to 'No solution found.' for sessionid 1072056, questionid q2_2g
[2026-02-16 10:26:02,117: WARNING/ForkPoolWorker-2] Updated markawarded to 0 and feedback to 'No solution found.' for sessionid 1072056, questionid q2_2h
[2026-02-16 10:26:02,130: WARNING/ForkPoolWorker-2] Updated markawarded to 0 and feedback to 'No solution found.' for sessionid 1072056, questionid q2_3
[2026-02-16 10:26:02,144: WARNING/ForkPoolWorker-2] Updated markawarded to 0 and feedback to 'No solution found.' for sessionid 1072056, questionid q2_chart
[2026-02-16 10:26:02,158: WARNING/ForkPoolWorker-2] Updated markawarded to 0 and feedback to 'No solution found.' for sessionid 1072056, questionid q3_1a
[2026-02-16 10:26:02,171: WARNING/ForkPoolWorker-2] Updated markawarded to 0 and feedback to 'No solution found.' for sessionid 1072056, questionid q3_1b
[2026-02-16 10:26:02,192: WARNING/ForkPoolWorker-2] Updated markawarded to 0 and feedback to 'No solution found.' for sessionid 1072056, questionid q3_1c
[2026-02-16 10:26:02,209: WARNING/ForkPoolWorker-2] Updated markawarded to 0 and feedback to 'No solution found.' for sessionid 1072056, questionid q3_1d
[2026-02-16 10:26:02,226: WARNING/ForkPoolWorker-2] Updated markawarded to 0 and feedback to 'No solution found.' for sessionid 1072056, questionid q3_2
[2026-02-16 10:26:02,237: WARNING/ForkPoolWorker-2] Updated markawarded to 0 and feedback to 'No solution found.' for sessionid 1072056, questionid q3_3
[2026-02-16 10:26:02,251: WARNING/ForkPoolWorker-2] Updated markawarded to 0 and feedback to 'No solution found.' for sessionid 1072056, questionid q4_1
[2026-02-16 10:26:02,264: WARNING/ForkPoolWorker-2] Updated markawarded to 0 and feedback to 'No solution found.' for sessionid 1072056, questionid q4_2ai
[2026-02-16 10:26:02,278: WARNING/ForkPoolWorker-2] Updated markawarded to 0 and feedback to 'No solution found.' for sessionid 1072056, questionid q4_2aii
[2026-02-16 10:26:02,292: WARNING/ForkPoolWorker-2] Updated markawarded to 0 and feedback to 'No solution found.' for sessionid 1072056, questionid q4_2aiii
[2026-02-16 10:26:02,306: WARNING/ForkPoolWorker-2] Updated markawarded to 0 and feedback to 'No solution found.' for sessionid 1072056, questionid q4_2aiv
[2026-02-16 10:26:02,323: WARNING/ForkPoolWorker-2] Updated markawarded to 0 and feedback to 'No solution found.' for sessionid 1072056, questionid q4_2bi
[2026-02-16 10:26:02,339: WARNING/ForkPoolWorker-2] Updated markawarded to 0 and feedback to 'No solution found.' for sessionid 1072056, questionid q4_2bii
[2026-02-16 10:26:02,350: WARNING/ForkPoolWorker-2] Updated markawarded to 0 and feedback to 'No solution found.' for sessionid 1072056, questionid q4_2biii
[2026-02-16 10:26:02,365: WARNING/ForkPoolWorker-2] Updated markawarded to 0 and feedback to 'No solution found.' for sessionid 1072056, questionid q4_2biv
[2026-02-16 10:26:02,375: WARNING/ForkPoolWorker-2] Updated markawarded to 0 and feedback to 'No solution found.' for sessionid 1072056, questionid q4_2bv
[2026-02-16 10:26:02,389: WARNING/ForkPoolWorker-2] Updated markawarded to 0 and feedback to 'No solution found.' for sessionid 1072056, questionid q4_2bvi
[2026-02-16 10:26:02,398: INFO/MainProcess] Task myapp.tasks.mark_submission_async[6fa85227-294d-4090-9e4c-f5bd0131d81f] received
[2026-02-16 10:26:02,400: INFO/ForkPoolWorker-1] [Celery Task] Starting marking for submission 1072057
[2026-02-16 10:26:02,401: WARNING/ForkPoolWorker-1] Step 2: Marking actually started with sessionid: 1072057
[2026-02-16 10:26:02,401: WARNING/ForkPoolWorker-1] Step 2a: sessionid type = <class 'int'>, value = 1072057
[2026-02-16 10:26:02,404: WARNING/ForkPoolWorker-2] Updated markawarded to 0 and feedback to 'No solution found.' for sessionid 1072056, questionid q5_2
[2026-02-16 10:26:02,416: WARNING/ForkPoolWorker-2] Updated markawarded to 0 and feedback to 'No solution found.' for sessionid 1072056, questionid q5_3
[2026-02-16 10:26:02,434: WARNING/ForkPoolWorker-2] Updated markawarded to 0 and feedback to 'No solution found.' for sessionid 1072056, questionid q5_4
[2026-02-16 10:26:02,451: WARNING/ForkPoolWorker-2] Updated markawarded to 0 and feedback to 'No solution found.' for sessionid 1072056, questionid q5_chart
[2026-02-16 10:26:02,463: WARNING/ForkPoolWorker-2] Updated markawarded to 0 and feedback to 'No solution found.' for sessionid 1072056, questionid q6_1a
[2026-02-16 10:26:02,477: WARNING/ForkPoolWorker-2] Updated markawarded to 0 and feedback to 'No solution found.' for sessionid 1072056, questionid q6_1b
[2026-02-16 10:26:02,477: WARNING/ForkPoolWorker-1] Step 2b: COUNT(*) for sessionid 1072057 = 70
[2026-02-16 10:26:02,489: WARNING/ForkPoolWorker-1] Step 3: Fetched 70 answers for sessionid 1072057
[2026-02-16 10:26:02,490: WARNING/ForkPoolWorker-1] Reached after fetchall, answers:
[2026-02-16 10:26:02,490: WARNING/ForkPoolWorker-1]  
[2026-02-16 10:26:02,491: WARNING/ForkPoolWorker-1] [(1072057, 'exam_ID', 'clrjum001', 0.0, 'clrjum001', None), (1072057, 'Firstname', '', 0.0, '', None), (1072057, 'q1_1', '', 0.0, '', None), (1072057, 'q1_2a', '', 0.0, '', None), (1072057, 'q1_2b', '', 0.0, '', None), (1072057, 'q1_2c', '', 0.0, '', None), (1072057, 'q1_2d', '', 0.0, '', None), (1072057, 'q1_2e', '', 0.0, '', None), (1072057, 'q1_2f', '', 0.0, '', None), (1072057, 'q1_2g', '', 0.0, '', None), (1072057, 'q1_2h', '', 0.0, '', None), (1072057, 'q1_2i', '', 0.0, '', None), (1072057, 'q1_3', '', 0.0, '', None), (1072057, 'q1_4', 'C', 0.0, 'C', None), (1072057, 'q2_2a', '', 0.0, '', None), (1072057, 'q2_2b', '', 0.0, '', None), (1072057, 'q2_2c', '', 0.0, '', None), (1072057, 'q2_2d', '', 0.0, '', None), (1072057, 'q2_2e', '', 0.0, '', None), (1072057, 'q2_2f', '', 0.0, '', None), (1072057, 'q2_2g', '', 0.0, '', None), (1072057, 'q2_2h', '', 0.0, '', None), (1072057, 'q2_3', 'B', 0.0, 'B', None), (1072057, 'q2_chart', 'place your chart here', 0.0, 'place your chart here', None), (1072057, 'q3_1a', '', 0.0, '', None), (1072057, 'q3_1b', '', 0.0, '', None), (1072057, 'q3_1c', '', 0.0, '', None), (1072057, 'q3_1d', '', 0.0, '', None), (1072057, 'q3_2', '', 0.0, '', None), (1072057, 'q3_3', '', 0.0, '', None), (1072057, 'q4_1', '', 0.0, '', None), (1072057, 'q4_2ai', '', 0.0, '', None), (1072057, 'q4_2aii', '', 0.0, '', None), (1072057, 'q4_2aiii', '', 0.0, '', None), (1072057, 'q4_2aiv', '', 0.0, '', None), (1072057, 'q4_2bi', '', 0.0, '', None), (1072057, 'q4_2bii', '', 0.0, '', None), (1072057, 'q4_2biii', '', 0.0, '', None), (1072057, 'q4_2biv', '', 0.0, '', None), (1072057, 'q4_2bv', '', 0.0, '', None), (1072057, 'q4_2bvi', '', 0.0, '', None), (1072057, 'q5_2', '', 0.0, '', None), (1072057, 'q5_3', '', 0.0, '', None), (1072057, 'q5_4', 'B', 0.0, 'B', None), (1072057, 'q5_chart', 'place your chart here', 0.0, 'place your chart here', None), (1072057, 'q6_1a', '', 0.0, '', None), (1072057, 'q6_1b', '', 0.0, '', None), (1072057, 'q6_1c', '', 0.0, '', None), (1072057, 'q6_1d', '', 0.0, '', None), (1072057, 'q6_1e', '', 0.0, '', None), (1072057, 'q6_1f', '', 0.0, '', None), (1072057, 'q6_1g', '', 0.0, '', None), (1072057, 'q6_1h', '', 0.0, '', None), (1072057, 'q6_1i', '', 0.0, '', None), (1072057, 'q6_1j', '', 0.0, '', None), (1072057, 'q6_2a', '', 0.0, '', None), (1072057, 'q6_2b', '', 0.0, '', None), (1072057, 'q6_2c', '', 0.0, '', None), (1072057, 'q6_2d', '', 0.0, '', None), (1072057, 'q6_2e', '', 0.0, '', None), (1072057, 'q6_2f', '', 0.0, '', None), (1072057, 'q6_2g', '', 0.0, '', None), (1072057, 'q6_3', '', 0.0, '', None), (1072057, 'q6_4', '', 0.0, '', None), (1072057, 'q7_1', '', 0.0, '', None), (1072057, 'q7_2', '', 0.0, '', None), (1072057, 'q7_3a', '', 0.0, '', None), (1072057, 'q7_3b', '', 0.0, '', None), (1072057, 'q7_3c', '', 0.0, '', None), (1072057, 'Surname', '', 0.0, '', None)]
[2026-02-16 10:26:02,498: WARNING/ForkPoolWorker-2] Updated markawarded to 0 and feedback to 'No solution found.' for sessionid 1072056, questionid q6_1c
[2026-02-16 10:26:02,508: WARNING/ForkPoolWorker-1] Updated markawarded to 0 and feedback to 'No solution found.' for sessionid 1072057, questionid exam_ID
[2026-02-16 10:26:02,512: WARNING/ForkPoolWorker-2] Updated markawarded to 0 and feedback to 'No solution found.' for sessionid 1072056, questionid q6_1d
[2026-02-16 10:26:02,525: WARNING/ForkPoolWorker-1] Updated markawarded to 0 and feedback to 'No solution found.' for sessionid 1072057, questionid Firstname
[2026-02-16 10:26:02,527: WARNING/ForkPoolWorker-2] Updated markawarded to 0 and feedback to 'No solution found.' for sessionid 1072056, questionid q6_1e
[2026-02-16 10:26:02,536: WARNING/ForkPoolWorker-1] Updated markawarded to 0 and feedback to 'No solution found.' for sessionid 1072057, questionid q1_1
[2026-02-16 10:26:02,542: WARNING/ForkPoolWorker-2] Updated markawarded to 0 and feedback to 'No solution found.' for sessionid 1072056, questionid q6_1f
[2026-02-16 10:26:02,565: WARNING/ForkPoolWorker-2] Updated markawarded to 0 and feedback to 'No solution found.' for sessionid 1072056, questionid q6_1g
[2026-02-16 10:26:02,565: WARNING/ForkPoolWorker-1] Updated markawarded to 0 and feedback to 'No solution found.' for sessionid 1072057, questionid q1_2a
[2026-02-16 10:26:02,578: WARNING/ForkPoolWorker-1] Updated markawarded to 0 and feedback to 'No solution found.' for sessionid 1072057, questionid q1_2b
[2026-02-16 10:26:02,579: WARNING/ForkPoolWorker-2] Updated markawarded to 0 and feedback to 'No solution found.' for sessionid 1072056, questionid q6_1h
[2026-02-16 10:26:02,592: WARNING/ForkPoolWorker-2] Updated markawarded to 0 and feedback to 'No solution found.' for sessionid 1072056, questionid q6_1i
[2026-02-16 10:26:02,593: WARNING/ForkPoolWorker-1] Updated markawarded to 0 and feedback to 'No solution found.' for sessionid 1072057, questionid q1_2c
[2026-02-16 10:26:02,612: WARNING/ForkPoolWorker-1] Updated markawarded to 0 and feedback to 'No solution found.' for sessionid 1072057, questionid q1_2d
[2026-02-16 10:26:02,612: WARNING/ForkPoolWorker-2] Updated markawarded to 0 and feedback to 'No solution found.' for sessionid 1072056, questionid q6_1j
[2026-02-16 10:26:02,625: WARNING/ForkPoolWorker-1] Updated markawarded to 0 and feedback to 'No solution found.' for sessionid 1072057, questionid q1_2e
[2026-02-16 10:26:02,625: WARNING/ForkPoolWorker-2] Updated markawarded to 0 and feedback to 'No solution found.' for sessionid 1072056, questionid q6_2a
[2026-02-16 10:26:02,644: WARNING/ForkPoolWorker-2] Updated markawarded to 0 and feedback to 'No solution found.' for sessionid 1072056, questionid q6_2b
[2026-02-16 10:26:02,644: WARNING/ForkPoolWorker-1] Updated markawarded to 0 and feedback to 'No solution found.' for sessionid 1072057, questionid q1_2f
[2026-02-16 10:26:02,660: WARNING/ForkPoolWorker-2] Updated markawarded to 0 and feedback to 'No solution found.' for sessionid 1072056, questionid q6_2c
[2026-02-16 10:26:02,660: WARNING/ForkPoolWorker-1] Updated markawarded to 0 and feedback to 'No solution found.' for sessionid 1072057, questionid q1_2g
[2026-02-16 10:26:02,672: WARNING/ForkPoolWorker-2] Updated markawarded to 0 and feedback to 'No solution found.' for sessionid 1072056, questionid q6_2d
[2026-02-16 10:26:02,672: WARNING/ForkPoolWorker-1] Updated markawarded to 0 and feedback to 'No solution found.' for sessionid 1072057, questionid q1_2h
[2026-02-16 10:26:02,692: WARNING/ForkPoolWorker-1] Updated markawarded to 0 and feedback to 'No solution found.' for sessionid 1072057, questionid q1_2i
[2026-02-16 10:26:02,692: WARNING/ForkPoolWorker-2] Updated markawarded to 0 and feedback to 'No solution found.' for sessionid 1072056, questionid q6_2e
[2026-02-16 10:26:02,711: WARNING/ForkPoolWorker-2] Updated markawarded to 0 and feedback to 'No solution found.' for sessionid 1072056, questionid q6_2f
[2026-02-16 10:26:02,714: WARNING/ForkPoolWorker-1] Updated markawarded to 0 and feedback to 'No solution found.' for sessionid 1072057, questionid q1_3
[2026-02-16 10:26:02,724: WARNING/ForkPoolWorker-2] Updated markawarded to 0 and feedback to 'No solution found.' for sessionid 1072056, questionid q6_2g
[2026-02-16 10:26:02,729: WARNING/ForkPoolWorker-1] Updated markawarded to 0 and feedback to 'No solution found.' for sessionid 1072057, questionid q1_4
[2026-02-16 10:26:02,741: WARNING/ForkPoolWorker-2] Updated markawarded to 0 and feedback to 'No solution found.' for sessionid 1072056, questionid q6_3
[2026-02-16 10:26:02,745: WARNING/ForkPoolWorker-1] Updated markawarded to 0 and feedback to 'No solution found.' for sessionid 1072057, questionid q2_2a
[2026-02-16 10:26:02,754: WARNING/ForkPoolWorker-2] Updated markawarded to 0 and feedback to 'No solution found.' for sessionid 1072056, questionid q6_4
[2026-02-16 10:26:02,756: WARNING/ForkPoolWorker-1] Updated markawarded to 0 and feedback to 'No solution found.' for sessionid 1072057, questionid q2_2b
[2026-02-16 10:26:02,767: WARNING/ForkPoolWorker-2] Updated markawarded to 0 and feedback to 'No solution found.' for sessionid 1072056, questionid q7_1
[2026-02-16 10:26:02,769: WARNING/ForkPoolWorker-1] Updated markawarded to 0 and feedback to 'No solution found.' for sessionid 1072057, questionid q2_2c
[2026-02-16 10:26:02,778: WARNING/ForkPoolWorker-2] Updated markawarded to 0 and feedback to 'No solution found.' for sessionid 1072056, questionid q7_2
[2026-02-16 10:26:02,781: WARNING/ForkPoolWorker-1] Updated markawarded to 0 and feedback to 'No solution found.' for sessionid 1072057, questionid q2_2d
[2026-02-16 10:26:02,793: WARNING/ForkPoolWorker-2] Updated markawarded to 0 and feedback to 'No solution found.' for sessionid 1072056, questionid q7_3a
[2026-02-16 10:26:02,794: WARNING/ForkPoolWorker-1] Updated markawarded to 0 and feedback to 'No solution found.' for sessionid 1072057, questionid q2_2e
[2026-02-16 10:26:02,808: WARNING/ForkPoolWorker-2] Updated markawarded to 0 and feedback to 'No solution found.' for sessionid 1072056, questionid q7_3b
[2026-02-16 10:26:02,813: WARNING/ForkPoolWorker-1] Updated markawarded to 0 and feedback to 'No solution found.' for sessionid 1072057, questionid q2_2f
[2026-02-16 10:26:02,820: WARNING/ForkPoolWorker-2] Updated markawarded to 0 and feedback to 'No solution found.' for sessionid 1072056, questionid q7_3c
[2026-02-16 10:26:02,827: WARNING/ForkPoolWorker-1] Updated markawarded to 0 and feedback to 'No solution found.' for sessionid 1072057, questionid q2_2g
[2026-02-16 10:26:02,833: WARNING/ForkPoolWorker-2] Updated markawarded to 0 and feedback to 'No solution found.' for sessionid 1072056, questionid Surname
[2026-02-16 10:26:02,836: WARNING/ForkPoolWorker-2] ✓ Batch broadcast 70 marks for session 1072056
[2026-02-16 10:26:02,837: INFO/ForkPoolWorker-2] [Celery Task] ✓ Completed marking for submission 1072056
[2026-02-16 10:26:02,838: INFO/ForkPoolWorker-2] Task myapp.tasks.mark_submission_async[8d646f59-5e83-4b85-9bca-c382858daa02] succeeded in 1.1459740829886869s: {'status': 'success', 'submission_id': 1072056}
[2026-02-16 10:26:02,840: WARNING/ForkPoolWorker-1] Updated markawarded to 0 and feedback to 'No solution found.' for sessionid 1072057, questionid q2_2h
[2026-02-16 10:26:02,854: WARNING/ForkPoolWorker-1] Updated markawarded to 0 and feedback to 'No solution found.' for sessionid 1072057, questionid q2_3
[2026-02-16 10:26:02,868: WARNING/ForkPoolWorker-1] Updated markawarded to 0 and feedback to 'No solution found.' for sessionid 1072057, questionid q2_chart
[2026-02-16 10:26:02,879: WARNING/ForkPoolWorker-1] Updated markawarded to 0 and feedback to 'No solution found.' for sessionid 1072057, questionid q3_1a
[2026-02-16 10:26:02,893: WARNING/ForkPoolWorker-1] Updated markawarded to 0 and feedback to 'No solution found.' for sessionid 1072057, questionid q3_1b
[2026-02-16 10:26:02,906: WARNING/ForkPoolWorker-1] Updated markawarded to 0 and feedback to 'No solution found.' for sessionid 1072057, questionid q3_1c
[2026-02-16 10:26:02,922: WARNING/ForkPoolWorker-1] Updated markawarded to 0 and feedback to 'No solution found.' for sessionid 1072057, questionid q3_1d
[2026-02-16 10:26:02,939: WARNING/ForkPoolWorker-1] Updated markawarded to 0 and feedback to 'No solution found.' for sessionid 1072057, questionid q3_2
[2026-02-16 10:26:02,955: WARNING/ForkPoolWorker-1] Updated markawarded to 0 and feedback to 'No solution found.' for sessionid 1072057, questionid q3_3
[2026-02-16 10:26:02,970: WARNING/ForkPoolWorker-1] Updated markawarded to 0 and feedback to 'No solution found.' for sessionid 1072057, questionid q4_1
[2026-02-16 10:26:02,983: WARNING/ForkPoolWorker-1] Updated markawarded to 0 and feedback to 'No solution found.' for sessionid 1072057, questionid q4_2ai
[2026-02-16 10:26:02,996: WARNING/ForkPoolWorker-1] Updated markawarded to 0 and feedback to 'No solution found.' for sessionid 1072057, questionid q4_2aii
[2026-02-16 10:26:03,012: WARNING/ForkPoolWorker-1] Updated markawarded to 0 and feedback to 'No solution found.' for sessionid 1072057, questionid q4_2aiii
[2026-02-16 10:26:03,025: WARNING/ForkPoolWorker-1] Updated markawarded to 0 and feedback to 'No solution found.' for sessionid 1072057, questionid q4_2aiv
[2026-02-16 10:26:03,041: WARNING/ForkPoolWorker-1] Updated markawarded to 0 and feedback to 'No solution found.' for sessionid 1072057, questionid q4_2bi
[2026-02-16 10:26:03,053: WARNING/ForkPoolWorker-1] Updated markawarded to 0 and feedback to 'No solution found.' for sessionid 1072057, questionid q4_2bii
[2026-02-16 10:26:03,066: WARNING/ForkPoolWorker-1] Updated markawarded to 0 and feedback to 'No solution found.' for sessionid 1072057, questionid q4_2biii
[2026-02-16 10:26:03,078: WARNING/ForkPoolWorker-1] Updated markawarded to 0 and feedback to 'No solution found.' for sessionid 1072057, questionid q4_2biv
[2026-02-16 10:26:03,091: WARNING/ForkPoolWorker-1] Updated markawarded to 0 and feedback to 'No solution found.' for sessionid 1072057, questionid q4_2bv
[2026-02-16 10:26:03,107: WARNING/ForkPoolWorker-1] Updated markawarded to 0 and feedback to 'No solution found.' for sessionid 1072057, questionid q4_2bvi
[2026-02-16 10:26:03,123: WARNING/ForkPoolWorker-1] Updated markawarded to 0 and feedback to 'No solution found.' for sessionid 1072057, questionid q5_2
[2026-02-16 10:26:03,138: WARNING/ForkPoolWorker-1] Updated markawarded to 0 and feedback to 'No solution found.' for sessionid 1072057, questionid q5_3
[2026-02-16 10:26:03,152: WARNING/ForkPoolWorker-1] Updated markawarded to 0 and feedback to 'No solution found.' for sessionid 1072057, questionid q5_4
[2026-02-16 10:26:03,164: WARNING/ForkPoolWorker-1] Updated markawarded to 0 and feedback to 'No solution found.' for sessionid 1072057, questionid q5_chart
[2026-02-16 10:26:03,175: WARNING/ForkPoolWorker-1] Updated markawarded to 0 and feedback to 'No solution found.' for sessionid 1072057, questionid q6_1a
[2026-02-16 10:26:03,188: WARNING/ForkPoolWorker-1] Updated markawarded to 0 and feedback to 'No solution found.' for sessionid 1072057, questionid q6_1b
[2026-02-16 10:26:03,201: WARNING/ForkPoolWorker-1] Updated markawarded to 0 and feedback to 'No solution found.' for sessionid 1072057, questionid q6_1c
[2026-02-16 10:26:03,217: WARNING/ForkPoolWorker-1] Updated markawarded to 0 and feedback to 'No solution found.' for sessionid 1072057, questionid q6_1d
[2026-02-16 10:26:03,231: WARNING/ForkPoolWorker-1] Updated markawarded to 0 and feedback to 'No solution found.' for sessionid 1072057, questionid q6_1e
[2026-02-16 10:26:03,250: WARNING/ForkPoolWorker-1] Updated markawarded to 0 and feedback to 'No solution found.' for sessionid 1072057, questionid q6_1f
[2026-02-16 10:26:03,264: WARNING/ForkPoolWorker-1] Updated markawarded to 0 and feedback to 'No solution found.' for sessionid 1072057, questionid q6_1g
[2026-02-16 10:26:03,278: WARNING/ForkPoolWorker-1] Updated markawarded to 0 and feedback to 'No solution found.' for sessionid 1072057, questionid q6_1h
[2026-02-16 10:26:03,290: WARNING/ForkPoolWorker-1] Updated markawarded to 0 and feedback to 'No solution found.' for sessionid 1072057, questionid q6_1i
[2026-02-16 10:26:03,302: WARNING/ForkPoolWorker-1] Updated markawarded to 0 and feedback to 'No solution found.' for sessionid 1072057, questionid q6_1j
[2026-02-16 10:26:03,333: WARNING/ForkPoolWorker-1] Updated markawarded to 0 and feedback to 'No solution found.' for sessionid 1072057, questionid q6_2a
[2026-02-16 10:26:03,346: WARNING/ForkPoolWorker-1] Updated markawarded to 0 and feedback to 'No solution found.' for sessionid 1072057, questionid q6_2b
[2026-02-16 10:26:03,360: WARNING/ForkPoolWorker-1] Updated markawarded to 0 and feedback to 'No solution found.' for sessionid 1072057, questionid q6_2c
[2026-02-16 10:26:03,372: WARNING/ForkPoolWorker-1] Updated markawarded to 0 and feedback to 'No solution found.' for sessionid 1072057, questionid q6_2d
[2026-02-16 10:26:03,386: WARNING/ForkPoolWorker-1] Updated markawarded to 0 and feedback to 'No solution found.' for sessionid 1072057, questionid q6_2e
[2026-02-16 10:26:03,475: WARNING/ForkPoolWorker-1] Updated markawarded to 0 and feedback to 'No solution found.' for sessionid 1072057, questionid q6_2f
[2026-02-16 10:26:03,488: WARNING/ForkPoolWorker-1] Updated markawarded to 0 and feedback to 'No solution found.' for sessionid 1072057, questionid q6_2g
[2026-02-16 10:26:03,499: WARNING/ForkPoolWorker-1] Updated markawarded to 0 and feedback to 'No solution found.' for sessionid 1072057, questionid q6_3
[2026-02-16 10:26:03,515: WARNING/ForkPoolWorker-1] Updated markawarded to 0 and feedback to 'No solution found.' for sessionid 1072057, questionid q6_4
[2026-02-16 10:26:03,528: WARNING/ForkPoolWorker-1] Updated markawarded to 0 and feedback to 'No solution found.' for sessionid 1072057, questionid q7_1
[2026-02-16 10:26:03,539: WARNING/ForkPoolWorker-1] Updated markawarded to 0 and feedback to 'No solution found.' for sessionid 1072057, questionid q7_2
[2026-02-16 10:26:03,554: WARNING/ForkPoolWorker-1] Updated markawarded to 0 and feedback to 'No solution found.' for sessionid 1072057, questionid q7_3a
[2026-02-16 10:26:03,568: WARNING/ForkPoolWorker-1] Updated markawarded to 0 and feedback to 'No solution found.' for sessionid 1072057, questionid q7_3b
[2026-02-16 10:26:03,580: WARNING/ForkPoolWorker-1] Updated markawarded to 0 and feedback to 'No solution found.' for sessionid 1072057, questionid q7_3c
[2026-02-16 10:26:03,592: WARNING/ForkPoolWorker-1] Updated markawarded to 0 and feedback to 'No solution found.' for sessionid 1072057, questionid Surname
[2026-02-16 10:26:03,595: WARNING/ForkPoolWorker-1] ✓ Batch broadcast 70 marks for session 1072057
[2026-02-16 10:26:03,596: INFO/ForkPoolWorker-1] [Celery Task] ✓ Completed marking for submission 1072057
[2026-02-16 10:26:03,597: INFO/ForkPoolWorker-1] Task myapp.tasks.mark_submission_async[6fa85227-294d-4090-9e4c-f5bd0131d81f] succeeded in 1.19738816600875s: {'status': 'success', 'submission_id': 1072057}
[2026-02-16 10:26:09,842: INFO/MainProcess] Task myapp.tasks.mark_submission_async[9a727b6b-455d-44a3-b307-ff21582d5c88] received
[2026-02-16 10:26:09,880: INFO/ForkPoolWorker-2] [Celery Task] Starting marking for submission 1072060
[2026-02-16 10:26:09,880: WARNING/ForkPoolWorker-2] Step 2: Marking actually started with sessionid: 1072060
[2026-02-16 10:26:09,881: WARNING/ForkPoolWorker-2] Step 2a: sessionid type = <class 'int'>, value = 1072060
[2026-02-16 10:26:09,941: WARNING/ForkPoolWorker-2] Step 2b: COUNT(*) for sessionid 1072060 = 70
[2026-02-16 10:26:09,949: WARNING/ForkPoolWorker-2] Step 3: Fetched 70 answers for sessionid 1072060
[2026-02-16 10:26:09,950: WARNING/ForkPoolWorker-2] Reached after fetchall, answers:
[2026-02-16 10:26:09,950: WARNING/ForkPoolWorker-2]  
[2026-02-16 10:26:09,950: WARNING/ForkPoolWorker-2] [(1072060, 'exam_ID', 'clrjum001', 0.0, 'clrjum001', None), (1072060, 'Firstname', '', 0.0, '', None), (1072060, 'q1_1', '', 0.0, '', None), (1072060, 'q1_2a', '', 0.0, '', None), (1072060, 'q1_2b', '', 0.0, '', None), (1072060, 'q1_2c', '', 0.0, '', None), (1072060, 'q1_2d', '', 0.0, '', None), (1072060, 'q1_2e', '', 0.0, '', None), (1072060, 'q1_2f', '', 0.0, '', None), (1072060, 'q1_2g', '', 0.0, '', None), (1072060, 'q1_2h', '', 0.0, '', None), (1072060, 'q1_2i', '', 0.0, '', None), (1072060, 'q1_3', '', 0.0, '', None), (1072060, 'q1_4', 'C', 0.0, 'C', None), (1072060, 'q2_2a', '', 0.0, '', None), (1072060, 'q2_2b', '', 0.0, '', None), (1072060, 'q2_2c', '', 0.0, '', None), (1072060, 'q2_2d', '', 0.0, '', None), (1072060, 'q2_2e', '', 0.0, '', None), (1072060, 'q2_2f', '', 0.0, '', None), (1072060, 'q2_2g', '', 0.0, '', None), (1072060, 'q2_2h', '', 0.0, '', None), (1072060, 'q2_3', 'B', 0.0, 'B', None), (1072060, 'q2_chart', 'place your chart here', 0.0, 'place your chart here', None), (1072060, 'q3_1a', '', 0.0, '', None), (1072060, 'q3_1b', '', 0.0, '', None), (1072060, 'q3_1c', '', 0.0, '', None), (1072060, 'q3_1d', '', 0.0, '', None), (1072060, 'q3_2', '', 0.0, '', None), (1072060, 'q3_3', '', 0.0, '', None), (1072060, 'q4_1', '', 0.0, '', None), (1072060, 'q4_2ai', '', 0.0, '', None), (1072060, 'q4_2aii', '', 0.0, '', None), (1072060, 'q4_2aiii', '', 0.0, '', None), (1072060, 'q4_2aiv', '', 0.0, '', None), (1072060, 'q4_2bi', '', 0.0, '', None), (1072060, 'q4_2bii', '', 0.0, '', None), (1072060, 'q4_2biii', '', 0.0, '', None), (1072060, 'q4_2biv', '', 0.0, '', None), (1072060, 'q4_2bv', '', 0.0, '', None), (1072060, 'q4_2bvi', '', 0.0, '', None), (1072060, 'q5_2', '', 0.0, '', None), (1072060, 'q5_3', '', 0.0, '', None), (1072060, 'q5_4', 'B', 0.0, 'B', None), (1072060, 'q5_chart', 'place your chart here', 0.0, 'place your chart here', None), (1072060, 'q6_1a', '', 0.0, '', None), (1072060, 'q6_1b', '', 0.0, '', None), (1072060, 'q6_1c', '', 0.0, '', None), (1072060, 'q6_1d', '', 0.0, '', None), (1072060, 'q6_1e', '', 0.0, '', None), (1072060, 'q6_1f', '', 0.0, '', None), (1072060, 'q6_1g', '', 0.0, '', None), (1072060, 'q6_1h', '', 0.0, '', None), (1072060, 'q6_1i', '', 0.0, '', None), (1072060, 'q6_1j', '', 0.0, '', None), (1072060, 'q6_2a', '', 0.0, '', None), (1072060, 'q6_2b', '', 0.0, '', None), (1072060, 'q6_2c', '', 0.0, '', None), (1072060, 'q6_2d', '', 0.0, '', None), (1072060, 'q6_2e', '', 0.0, '', None), (1072060, 'q6_2f', '', 0.0, '', None), (1072060, 'q6_2g', '', 0.0, '', None), (1072060, 'q6_3', '', 0.0, '', None), (1072060, 'q6_4', '', 0.0, '', None), (1072060, 'q7_1', '', 0.0, '', None), (1072060, 'q7_2', '', 0.0, '', None), (1072060, 'q7_3a', '', 0.0, '', None), (1072060, 'q7_3b', '', 0.0, '', None), (1072060, 'q7_3c', '', 0.0, '', None), (1072060, 'Surname', '', 0.0, '', None)]
[2026-02-16 10:26:09,972: WARNING/ForkPoolWorker-2] Updated markawarded to 0 and feedback to 'No solution found.' for sessionid 1072060, questionid exam_ID
[2026-02-16 10:26:09,988: WARNING/ForkPoolWorker-2] Updated markawarded to 0 and feedback to 'No solution found.' for sessionid 1072060, questionid Firstname
[2026-02-16 10:26:10,011: WARNING/ForkPoolWorker-2] Updated markawarded to 0 and feedback to 'No solution found.' for sessionid 1072060, questionid q1_1
[2026-02-16 10:26:10,021: WARNING/ForkPoolWorker-2] Updated markawarded to 0 and feedback to 'No solution found.' for sessionid 1072060, questionid q1_2a
[2026-02-16 10:26:10,035: WARNING/ForkPoolWorker-2] Updated markawarded to 0 and feedback to 'No solution found.' for sessionid 1072060, questionid q1_2b
[2026-02-16 10:26:10,050: WARNING/ForkPoolWorker-2] Updated markawarded to 0 and feedback to 'No solution found.' for sessionid 1072060, questionid q1_2c
[2026-02-16 10:26:10,064: WARNING/ForkPoolWorker-2] Updated markawarded to 0 and feedback to 'No solution found.' for sessionid 1072060, questionid q1_2d
[2026-02-16 10:26:10,077: WARNING/ForkPoolWorker-2] Updated markawarded to 0 and feedback to 'No solution found.' for sessionid 1072060, questionid q1_2e
[2026-02-16 10:26:10,091: WARNING/ForkPoolWorker-2] Updated markawarded to 0 and feedback to 'No solution found.' for sessionid 1072060, questionid q1_2f
[2026-02-16 10:26:10,104: WARNING/ForkPoolWorker-2] Updated markawarded to 0 and feedback to 'No solution found.' for sessionid 1072060, questionid q1_2g
[2026-02-16 10:26:10,121: WARNING/ForkPoolWorker-2] Updated markawarded to 0 and feedback to 'No solution found.' for sessionid 1072060, questionid q1_2h
