[2026-03-03 19:07:25,731: WARNING/ForkPoolWorker-2] No matching deadline found for sessionid 1107528, student MBTAVU002, course MAM1014F, class Lecture Group 1, tutorial TUT1
[2026-03-03 19:07:25,731: INFO/ForkPoolWorker-2] [Celery Task] ✓ Completed marking for submission 1107528
[2026-03-03 19:07:25,733: INFO/ForkPoolWorker-2] Task myapp.tasks.mark_submission_async[a4695e1d-9cad-4139-bbf2-0a5d974be84f] succeeded in 0.10379633295815438s: {'status': 'success', 'submission_id': 1107528}
[2026-03-03 19:11:57,992: INFO/MainProcess] Task myapp.tasks.mark_submission_async[77f55f3e-3cab-4821-9b02-a6d3762b31ee] received
[2026-03-03 19:11:58,004: INFO/ForkPoolWorker-2] [Celery Task] Starting marking for submission 1107529
[2026-03-03 19:11:58,006: WARNING/ForkPoolWorker-2] Step 2: Marking actually started with sessionid: 1107529
[2026-03-03 19:11:58,006: WARNING/ForkPoolWorker-2] Step 2a: sessionid type = <class 'int'>, value = 1107529
[2026-03-03 19:11:58,096: WARNING/ForkPoolWorker-2] No matching deadline found for sessionid 1107529, student MBTAVU002, course MAM1014F, class Lecture Group 1, tutorial TUT1
[2026-03-03 19:11:58,096: INFO/ForkPoolWorker-2] [Celery Task] ✓ Completed marking for submission 1107529
[2026-03-03 19:11:58,097: INFO/ForkPoolWorker-2] Task myapp.tasks.mark_submission_async[77f55f3e-3cab-4821-9b02-a6d3762b31ee] succeeded in 0.09931187494657934s: {'status': 'success', 'submission_id': 1107529}
[2026-03-03 19:21:39,638: INFO/MainProcess] Task myapp.tasks.mark_submission_async[2d8e4f56-b000-4df7-8b7b-b14a3eeaf573] received
[2026-03-03 19:21:39,647: INFO/ForkPoolWorker-2] [Celery Task] Starting marking for submission 1107530
[2026-03-03 19:21:39,648: WARNING/ForkPoolWorker-2] Step 2: Marking actually started with sessionid: 1107530
[2026-03-03 19:21:39,648: WARNING/ForkPoolWorker-2] Step 2a: sessionid type = <class 'int'>, value = 1107530
[2026-03-03 19:21:39,785: WARNING/ForkPoolWorker-2] No matching deadline found for sessionid 1107530, student MBTAVU002, course MAM1014F, class Lecture Group 1, tutorial TUT1
[2026-03-03 19:21:39,785: INFO/ForkPoolWorker-2] [Celery Task] ✓ Completed marking for submission 1107530
[2026-03-03 19:21:39,787: INFO/ForkPoolWorker-2] Task myapp.tasks.mark_submission_async[2d8e4f56-b000-4df7-8b7b-b14a3eeaf573] succeeded in 0.14287941704969853s: {'status': 'success', 'submission_id': 1107530}
[2026-03-03 19:22:36,791: INFO/MainProcess] Task myapp.tasks.mark_submission_async[ef8f7f1d-1e5c-497f-b00b-8d794d0bfc19] received
[2026-03-03 19:22:37,792: INFO/ForkPoolWorker-2] [Celery Task] Starting marking for submission 1107531
[2026-03-03 19:22:37,793: WARNING/ForkPoolWorker-2] Step 2: Marking actually started with sessionid: 1107531
[2026-03-03 19:22:37,793: WARNING/ForkPoolWorker-2] Step 2a: sessionid type = <class 'int'>, value = 1107531
[2026-03-03 19:22:37,904: WARNING/ForkPoolWorker-2] No matching deadline found for sessionid 1107531, student MBTAVU002, course MAM1014F, class Lecture Group 1, tutorial TUT1
[2026-03-03 19:22:37,905: INFO/ForkPoolWorker-2] [Celery Task] ✓ Completed marking for submission 1107531
[2026-03-03 19:22:37,907: INFO/ForkPoolWorker-2] Task myapp.tasks.mark_submission_async[ef8f7f1d-1e5c-497f-b00b-8d794d0bfc19] succeeded in 0.1167905000038445s: {'status': 'success', 'submission_id': 1107531}
[2026-03-03 19:23:46,223: INFO/MainProcess] Task myapp.tasks.mark_submission_async[5e56707b-52d6-489c-bd0d-353511cc70d9] received
[2026-03-03 19:23:47,224: INFO/ForkPoolWorker-2] [Celery Task] Starting marking for submission 1107532
[2026-03-03 19:23:47,225: WARNING/ForkPoolWorker-2] Step 2: Marking actually started with sessionid: 1107532
[2026-03-03 19:23:47,226: WARNING/ForkPoolWorker-2] Step 2a: sessionid type = <class 'int'>, value = 1107532
[2026-03-03 19:23:47,334: WARNING/ForkPoolWorker-2] No matching deadline found for sessionid 1107532, student MBTAVU002, course MAM1014F, class Lecture Group 1, tutorial TUT1
[2026-03-03 19:23:47,334: INFO/ForkPoolWorker-2] [Celery Task] ✓ Completed marking for submission 1107532
[2026-03-03 19:23:47,335: INFO/ForkPoolWorker-2] Task myapp.tasks.mark_submission_async[5e56707b-52d6-489c-bd0d-353511cc70d9] succeeded in 0.11307091708295047s: {'status': 'success', 'submission_id': 1107532}
[2026-03-03 19:24:03,539: INFO/MainProcess] Task myapp.tasks.mark_submission_async[44d87ba1-f319-4c57-a28e-b90b57795989] received
[2026-03-03 19:24:04,540: INFO/ForkPoolWorker-2] [Celery Task] Starting marking for submission 1107533
[2026-03-03 19:24:04,540: WARNING/ForkPoolWorker-2] Step 2: Marking actually started with sessionid: 1107533
[2026-03-03 19:24:04,541: WARNING/ForkPoolWorker-2] Step 2a: sessionid type = <class 'int'>, value = 1107533
[2026-03-03 19:24:04,644: WARNING/ForkPoolWorker-2] No matching deadline found for sessionid 1107533, student MBTAVU002, course MAM1014F, class Lecture Group 1, tutorial TUT1
[2026-03-03 19:24:04,645: INFO/ForkPoolWorker-2] [Celery Task] ✓ Completed marking for submission 1107533
[2026-03-03 19:24:04,647: INFO/ForkPoolWorker-2] Task myapp.tasks.mark_submission_async[44d87ba1-f319-4c57-a28e-b90b57795989] succeeded in 0.10848762502428144s: {'status': 'success', 'submission_id': 1107533}
[2026-03-03 19:35:28,415: INFO/MainProcess] Task myapp.tasks.mark_submission_async[c2c4f63e-9e89-4619-9767-92d564d0f455] received
[2026-03-03 19:35:29,417: INFO/ForkPoolWorker-2] [Celery Task] Starting marking for submission 1107534
[2026-03-03 19:35:29,418: WARNING/ForkPoolWorker-2] Step 2: Marking actually started with sessionid: 1107534
[2026-03-03 19:35:29,419: WARNING/ForkPoolWorker-2] Step 2a: sessionid type = <class 'int'>, value = 1107534
[2026-03-03 19:35:29,545: WARNING/ForkPoolWorker-2] No matching deadline found for sessionid 1107534, student MBTAVU002, course MAM1014F, class Lecture Group 1, tutorial TUT1
[2026-03-03 19:35:29,546: INFO/ForkPoolWorker-2] [Celery Task] ✓ Completed marking for submission 1107534
[2026-03-03 19:35:29,547: INFO/ForkPoolWorker-2] Task myapp.tasks.mark_submission_async[c2c4f63e-9e89-4619-9767-92d564d0f455] succeeded in 0.1316838749917224s: {'status': 'success', 'submission_id': 1107534}
[2026-03-03 19:35:57,164: INFO/MainProcess] Task myapp.tasks.mark_submission_async[6b0f9cb3-e2ed-481c-8c92-2ca174cb3ba2] received
[2026-03-03 19:35:58,167: INFO/ForkPoolWorker-2] [Celery Task] Starting marking for submission 1107535
[2026-03-03 19:35:58,167: WARNING/ForkPoolWorker-2] Step 2: Marking actually started with sessionid: 1107535
[2026-03-03 19:35:58,168: WARNING/ForkPoolWorker-2] Step 2a: sessionid type = <class 'int'>, value = 1107535
[2026-03-03 19:35:58,295: WARNING/ForkPoolWorker-2] No matching deadline found for sessionid 1107535, student MBTAVU002, course MAM1014F, class Lecture Group 1, tutorial TUT1
[2026-03-03 19:35:58,296: INFO/ForkPoolWorker-2] [Celery Task] ✓ Completed marking for submission 1107535
[2026-03-03 19:35:58,299: INFO/ForkPoolWorker-2] Task myapp.tasks.mark_submission_async[6b0f9cb3-e2ed-481c-8c92-2ca174cb3ba2] succeeded in 0.13368750002700835s: {'status': 'success', 'submission_id': 1107535}
[2026-03-03 19:36:32,027: INFO/MainProcess] Task myapp.tasks.mark_submission_async[ee8708c3-f051-4742-8c2d-8e8082a950a0] received
[2026-03-03 19:36:33,029: INFO/ForkPoolWorker-2] [Celery Task] Starting marking for submission 1107536
[2026-03-03 19:36:33,030: WARNING/ForkPoolWorker-2] Step 2: Marking actually started with sessionid: 1107536
[2026-03-03 19:36:33,031: WARNING/ForkPoolWorker-2] Step 2a: sessionid type = <class 'int'>, value = 1107536
[2026-03-03 19:36:33,142: WARNING/ForkPoolWorker-2] No matching deadline found for sessionid 1107536, student MBTAVU002, course MAM1014F, class Lecture Group 1, tutorial TUT1
[2026-03-03 19:36:33,143: INFO/ForkPoolWorker-2] [Celery Task] ✓ Completed marking for submission 1107536
[2026-03-03 19:36:33,145: INFO/ForkPoolWorker-2] Task myapp.tasks.mark_submission_async[ee8708c3-f051-4742-8c2d-8e8082a950a0] succeeded in 0.11709279101341963s: {'status': 'success', 'submission_id': 1107536}
[2026-03-03 19:40:54,754: INFO/MainProcess] Task myapp.tasks.mark_submission_async[e1fccc06-0fd2-41fa-914d-686176dedc91] received
[2026-03-03 19:40:55,754: INFO/ForkPoolWorker-2] [Celery Task] Starting marking for submission 1107537
[2026-03-03 19:40:55,755: WARNING/ForkPoolWorker-2] Step 2: Marking actually started with sessionid: 1107537
[2026-03-03 19:40:55,756: WARNING/ForkPoolWorker-2] Step 2a: sessionid type = <class 'int'>, value = 1107537
[2026-03-03 19:40:55,914: WARNING/ForkPoolWorker-2] No matching deadline found for sessionid 1107537, student MBTAVU002, course MAM1014F, class Lecture Group 1, tutorial TUT1
[2026-03-03 19:40:55,916: INFO/ForkPoolWorker-2] [Celery Task] ✓ Completed marking for submission 1107537
[2026-03-03 19:40:55,918: INFO/ForkPoolWorker-2] Task myapp.tasks.mark_submission_async[e1fccc06-0fd2-41fa-914d-686176dedc91] succeeded in 0.1653782499488443s: {'status': 'success', 'submission_id': 1107537}
[2026-03-03 23:46:13,242: INFO/MainProcess] missed heartbeat from worker1@Jumanis-MacBook-Pro.local
[2026-03-04 00:01:00,620: INFO/MainProcess] missed heartbeat from worker1@Jumanis-MacBook-Pro.local
[2026-03-04 00:19:27,205: INFO/MainProcess] missed heartbeat from worker1@Jumanis-MacBook-Pro.local
[2026-03-04 01:50:48,459: INFO/MainProcess] missed heartbeat from worker1@Jumanis-MacBook-Pro.local
[2026-03-04 02:09:02,026: INFO/MainProcess] missed heartbeat from worker1@Jumanis-MacBook-Pro.local
[2026-03-04 02:45:29,492: INFO/MainProcess] missed heartbeat from worker1@Jumanis-MacBook-Pro.local
[2026-03-04 03:22:25,497: INFO/MainProcess] missed heartbeat from worker1@Jumanis-MacBook-Pro.local
[2026-03-04 04:16:48,295: INFO/MainProcess] missed heartbeat from worker1@Jumanis-MacBook-Pro.local
[2026-03-04 04:28:40,184: INFO/MainProcess] missed heartbeat from worker1@Jumanis-MacBook-Pro.local
[2026-03-04 05:18:10,711: INFO/MainProcess] missed heartbeat from worker1@Jumanis-MacBook-Pro.local
[2026-03-04 06:21:53,677: INFO/MainProcess] missed heartbeat from worker1@Jumanis-MacBook-Pro.local
[2026-03-04 06:30:43,223: INFO/MainProcess] missed heartbeat from worker1@Jumanis-MacBook-Pro.local
[2026-03-04 07:50:53,033: INFO/MainProcess] missed heartbeat from worker1@Jumanis-MacBook-Pro.local
[2026-03-04 08:14:08,564: INFO/MainProcess] Task myapp.tasks.mark_submission_async[a66f611e-b7cc-4515-bd82-1a7956fa2dc4] received
[2026-03-04 08:14:08,571: INFO/ForkPoolWorker-2] [Celery Task] Starting marking for submission 1107804
[2026-03-04 08:14:08,572: WARNING/ForkPoolWorker-2] Step 2: Marking actually started with sessionid: 1107804
[2026-03-04 08:14:08,572: WARNING/ForkPoolWorker-2] Step 2a: sessionid type = <class 'int'>, value = 1107804
[2026-03-04 08:14:08,720: WARNING/ForkPoolWorker-2] No matching deadline found for sessionid 1107804, student OBRIBR001, course MAM1014F, class Lecture Group 4, tutorial TUT1
[2026-03-04 08:14:08,720: INFO/ForkPoolWorker-2] [Celery Task] ✓ Completed marking for submission 1107804
[2026-03-04 08:14:08,721: INFO/ForkPoolWorker-2] Task myapp.tasks.mark_submission_async[a66f611e-b7cc-4515-bd82-1a7956fa2dc4] succeeded in 0.15386983403004706s: {'status': 'success', 'submission_id': 1107804}
[2026-03-04 08:16:36,151: INFO/MainProcess] Task myapp.tasks.mark_submission_async[40c86cb9-b2d5-4381-8b25-d76816bcb8da] received
[2026-03-04 08:16:36,155: INFO/ForkPoolWorker-2] [Celery Task] Starting marking for submission 1107806
[2026-03-04 08:16:36,156: WARNING/ForkPoolWorker-2] Step 2: Marking actually started with sessionid: 1107806
[2026-03-04 08:16:36,156: WARNING/ForkPoolWorker-2] Step 2a: sessionid type = <class 'int'>, value = 1107806
[2026-03-04 08:16:36,292: WARNING/ForkPoolWorker-2] No matching deadline found for sessionid 1107806, student TXXREL002, course MAM1022F, class Lecture Group 1, tutorial TUT1
[2026-03-04 08:16:36,293: INFO/ForkPoolWorker-2] [Celery Task] ✓ Completed marking for submission 1107806
[2026-03-04 08:16:36,295: INFO/ForkPoolWorker-2] Task myapp.tasks.mark_submission_async[40c86cb9-b2d5-4381-8b25-d76816bcb8da] succeeded in 0.14092691603582352s: {'status': 'success', 'submission_id': 1107806}
[2026-03-04 08:18:06,575: INFO/MainProcess] Task myapp.tasks.mark_submission_async[288911e9-5373-403d-a8fe-ff7b79191142] received
[2026-03-04 08:18:06,579: INFO/ForkPoolWorker-2] [Celery Task] Starting marking for submission 1107807
[2026-03-04 08:18:06,580: WARNING/ForkPoolWorker-2] Step 2: Marking actually started with sessionid: 1107807
[2026-03-04 08:18:06,580: WARNING/ForkPoolWorker-2] Step 2a: sessionid type = <class 'int'>, value = 1107807
[2026-03-04 08:18:06,725: WARNING/ForkPoolWorker-2] No matching deadline found for sessionid 1107807, student NNDNOM003, course MAM1014F, class Lecture Group 1, tutorial TUT1
[2026-03-04 08:18:06,726: INFO/ForkPoolWorker-2] [Celery Task] ✓ Completed marking for submission 1107807
[2026-03-04 08:18:06,727: INFO/ForkPoolWorker-2] Task myapp.tasks.mark_submission_async[288911e9-5373-403d-a8fe-ff7b79191142] succeeded in 0.14877420908305794s: {'status': 'success', 'submission_id': 1107807}
[2026-03-04 08:18:12,514: INFO/MainProcess] Task myapp.tasks.mark_submission_async[0a26375f-720c-410d-a34e-debcd2fc5e94] received
[2026-03-04 08:18:13,516: INFO/ForkPoolWorker-2] [Celery Task] Starting marking for submission 1107808
[2026-03-04 08:18:13,517: WARNING/ForkPoolWorker-2] Step 2: Marking actually started with sessionid: 1107808
[2026-03-04 08:18:13,517: WARNING/ForkPoolWorker-2] Step 2a: sessionid type = <class 'int'>, value = 1107808
[2026-03-04 08:18:13,644: WARNING/ForkPoolWorker-2] No matching deadline found for sessionid 1107808, student SZWVUY001, course MAM1014F, class Lecture Group 1, tutorial TUT1
[2026-03-04 08:18:13,645: INFO/ForkPoolWorker-2] [Celery Task] ✓ Completed marking for submission 1107808
[2026-03-04 08:18:13,647: INFO/ForkPoolWorker-2] Task myapp.tasks.mark_submission_async[0a26375f-720c-410d-a34e-debcd2fc5e94] succeeded in 0.13268212496768683s: {'status': 'success', 'submission_id': 1107808}
[2026-03-04 08:20:02,503: INFO/MainProcess] Task myapp.tasks.mark_submission_async[90ee62e6-2f3c-44b4-a3be-73bef773edbd] received
[2026-03-04 08:20:02,510: INFO/ForkPoolWorker-2] [Celery Task] Starting marking for submission 1107809
[2026-03-04 08:20:02,511: WARNING/ForkPoolWorker-2] Step 2: Marking actually started with sessionid: 1107809
[2026-03-04 08:20:02,511: WARNING/ForkPoolWorker-2] Step 2a: sessionid type = <class 'int'>, value = 1107809
[2026-03-04 08:20:02,749: WARNING/ForkPoolWorker-2] No matching deadline found for sessionid 1107809, student NNDNOM003, course MAM1014F, class Lecture Group 1, tutorial TUT1
[2026-03-04 08:20:02,750: INFO/ForkPoolWorker-2] [Celery Task] ✓ Completed marking for submission 1107809
[2026-03-04 08:20:02,751: INFO/ForkPoolWorker-2] Task myapp.tasks.mark_submission_async[90ee62e6-2f3c-44b4-a3be-73bef773edbd] succeeded in 0.2436775410315022s: {'status': 'success', 'submission_id': 1107809}
[2026-03-04 08:20:15,376: INFO/MainProcess] Task myapp.tasks.mark_submission_async[4e0abfe1-8791-4437-b8b1-5d725f170801] received
[2026-03-04 08:20:15,379: INFO/ForkPoolWorker-2] [Celery Task] Starting marking for submission 1107810
[2026-03-04 08:20:15,380: WARNING/ForkPoolWorker-2] Step 2: Marking actually started with sessionid: 1107810
[2026-03-04 08:20:15,380: WARNING/ForkPoolWorker-2] Step 2a: sessionid type = <class 'int'>, value = 1107810
[2026-03-04 08:20:15,588: WARNING/ForkPoolWorker-2] No matching deadline found for sessionid 1107810, student NNDNOM003, course MAM1014F, class Lecture Group 1, tutorial TUT1
[2026-03-04 08:20:15,589: INFO/ForkPoolWorker-2] [Celery Task] ✓ Completed marking for submission 1107810
[2026-03-04 08:20:15,591: INFO/ForkPoolWorker-2] Task myapp.tasks.mark_submission_async[4e0abfe1-8791-4437-b8b1-5d725f170801] succeeded in 0.21291262505110353s: {'status': 'success', 'submission_id': 1107810}
[2026-03-04 08:20:28,346: INFO/MainProcess] Task myapp.tasks.mark_submission_async[b049af6a-fcfd-4eb6-95ab-4da64f3f192c] received
[2026-03-04 08:20:28,349: INFO/ForkPoolWorker-2] [Celery Task] Starting marking for submission 1107811
[2026-03-04 08:20:28,350: WARNING/ForkPoolWorker-2] Step 2: Marking actually started with sessionid: 1107811
[2026-03-04 08:20:28,351: WARNING/ForkPoolWorker-2] Step 2a: sessionid type = <class 'int'>, value = 1107811
[2026-03-04 08:20:28,481: WARNING/ForkPoolWorker-2] No matching deadline found for sessionid 1107811, student NNDNOM003, course MAM1014F, class Lecture Group 1, tutorial TUT1
[2026-03-04 08:20:28,481: INFO/ForkPoolWorker-2] [Celery Task] ✓ Completed marking for submission 1107811
[2026-03-04 08:20:28,482: INFO/ForkPoolWorker-2] Task myapp.tasks.mark_submission_async[b049af6a-fcfd-4eb6-95ab-4da64f3f192c] succeeded in 0.13424979196861386s: {'status': 'success', 'submission_id': 1107811}
[2026-03-04 08:21:44,687: INFO/MainProcess] Task myapp.tasks.mark_submission_async[957fceeb-8f29-4abd-a305-b430cff9060e] received
[2026-03-04 08:21:45,687: INFO/ForkPoolWorker-2] [Celery Task] Starting marking for submission 1107812
[2026-03-04 08:21:45,688: WARNING/ForkPoolWorker-2] Step 2: Marking actually started with sessionid: 1107812
[2026-03-04 08:21:45,688: WARNING/ForkPoolWorker-2] Step 2a: sessionid type = <class 'int'>, value = 1107812
[2026-03-04 08:21:45,838: WARNING/ForkPoolWorker-2] No matching deadline found for sessionid 1107812, student APRCHA002, course MAM1014F, class Lecture Group 2, tutorial TUT1
[2026-03-04 08:21:45,839: INFO/ForkPoolWorker-2] [Celery Task] ✓ Completed marking for submission 1107812
[2026-03-04 08:21:45,841: INFO/ForkPoolWorker-2] Task myapp.tasks.mark_submission_async[957fceeb-8f29-4abd-a305-b430cff9060e] succeeded in 0.15540079097263515s: {'status': 'success', 'submission_id': 1107812}
[2026-03-04 08:22:16,298: INFO/MainProcess] Task myapp.tasks.mark_submission_async[70e55c4a-6d6b-4529-a2ec-0472f463a188] received
[2026-03-04 08:22:17,298: INFO/ForkPoolWorker-2] [Celery Task] Starting marking for submission 1107813
[2026-03-04 08:22:17,298: WARNING/ForkPoolWorker-2] Step 2: Marking actually started with sessionid: 1107813
[2026-03-04 08:22:17,298: WARNING/ForkPoolWorker-2] Step 2a: sessionid type = <class 'int'>, value = 1107813
[2026-03-04 08:22:17,461: WARNING/ForkPoolWorker-2] No matching deadline found for sessionid 1107813, student LMNXAV001, course MAM1014F, class Lecture Group 1, tutorial TUT1
[2026-03-04 08:22:17,462: INFO/ForkPoolWorker-2] [Celery Task] ✓ Completed marking for submission 1107813
[2026-03-04 08:22:17,463: INFO/ForkPoolWorker-2] Task myapp.tasks.mark_submission_async[70e55c4a-6d6b-4529-a2ec-0472f463a188] succeeded in 0.1662317500449717s: {'status': 'success', 'submission_id': 1107813}
[2026-03-04 08:22:57,296: INFO/MainProcess] Task myapp.tasks.mark_submission_async[1082aa5f-8e5f-4e9e-b368-1e4e1c141a16] received
[2026-03-04 08:22:58,298: INFO/ForkPoolWorker-2] [Celery Task] Starting marking for submission 1107814
[2026-03-04 08:22:58,298: WARNING/ForkPoolWorker-2] Step 2: Marking actually started with sessionid: 1107814
[2026-03-04 08:22:58,299: WARNING/ForkPoolWorker-2] Step 2a: sessionid type = <class 'int'>, value = 1107814
[2026-03-04 08:22:58,418: WARNING/ForkPoolWorker-2] No matching deadline found for sessionid 1107814, student MHLBLE013, course MAM1014F, class Lecture Group 2, tutorial TUT1
[2026-03-04 08:22:58,419: INFO/ForkPoolWorker-2] [Celery Task] ✓ Completed marking for submission 1107814
[2026-03-04 08:22:58,420: INFO/ForkPoolWorker-2] Task myapp.tasks.mark_submission_async[1082aa5f-8e5f-4e9e-b368-1e4e1c141a16] succeeded in 0.12413350003771484s: {'status': 'success', 'submission_id': 1107814}
[2026-03-04 08:23:40,149: INFO/MainProcess] Task myapp.tasks.mark_submission_async[277f36c7-7ed5-41a5-a474-2bebcdc0a5c0] received
[2026-03-04 08:23:41,150: INFO/ForkPoolWorker-2] [Celery Task] Starting marking for submission 1107815
[2026-03-04 08:23:41,151: WARNING/ForkPoolWorker-2] Step 2: Marking actually started with sessionid: 1107815
[2026-03-04 08:23:41,152: WARNING/ForkPoolWorker-2] Step 2a: sessionid type = <class 'int'>, value = 1107815
[2026-03-04 08:23:41,273: WARNING/ForkPoolWorker-2] No matching deadline found for sessionid 1107815, student NSHHAN004, course MAM1014F, class Lecture Group 1, tutorial TUT1
[2026-03-04 08:23:41,274: INFO/ForkPoolWorker-2] [Celery Task] ✓ Completed marking for submission 1107815
[2026-03-04 08:23:41,275: INFO/ForkPoolWorker-2] Task myapp.tasks.mark_submission_async[277f36c7-7ed5-41a5-a474-2bebcdc0a5c0] succeeded in 0.12540949997492135s: {'status': 'success', 'submission_id': 1107815}
[2026-03-04 08:24:35,282: INFO/MainProcess] Task myapp.tasks.mark_submission_async[b5fbc511-c9ec-4b95-97cd-cc0465f01d2f] received
[2026-03-04 08:24:36,282: INFO/ForkPoolWorker-2] [Celery Task] Starting marking for submission 1107816
[2026-03-04 08:24:36,283: WARNING/ForkPoolWorker-2] Step 2: Marking actually started with sessionid: 1107816
[2026-03-04 08:24:36,284: WARNING/ForkPoolWorker-2] Step 2a: sessionid type = <class 'int'>, value = 1107816
[2026-03-04 08:24:36,424: WARNING/ForkPoolWorker-2] No matching deadline found for sessionid 1107816, student LMNXAV001, course MAM1014F, class Lecture Group 1, tutorial TUT1
[2026-03-04 08:24:36,426: INFO/ForkPoolWorker-2] [Celery Task] ✓ Completed marking for submission 1107816
[2026-03-04 08:24:36,428: INFO/ForkPoolWorker-2] Task myapp.tasks.mark_submission_async[b5fbc511-c9ec-4b95-97cd-cc0465f01d2f] succeeded in 0.14618837495800108s: {'status': 'success', 'submission_id': 1107816}
[2026-03-04 08:25:10,615: INFO/MainProcess] Task myapp.tasks.mark_submission_async[ae7c219e-c57e-425f-89c9-be9903bb53fd] received
[2026-03-04 08:25:11,613: INFO/ForkPoolWorker-2] [Celery Task] Starting marking for submission 1107817
[2026-03-04 08:25:11,614: WARNING/ForkPoolWorker-2] Step 2: Marking actually started with sessionid: 1107817
[2026-03-04 08:25:11,614: WARNING/ForkPoolWorker-2] Step 2a: sessionid type = <class 'int'>, value = 1107817
[2026-03-04 08:25:11,830: WARNING/ForkPoolWorker-2] No matching deadline found for sessionid 1107817, student NNDNOM003, course MAM1014F, class Lecture Group 1, tutorial TUT1
[2026-03-04 08:25:11,831: INFO/ForkPoolWorker-2] [Celery Task] ✓ Completed marking for submission 1107817
[2026-03-04 08:25:11,833: INFO/ForkPoolWorker-2] Task myapp.tasks.mark_submission_async[ae7c219e-c57e-425f-89c9-be9903bb53fd] succeeded in 0.22037041699513793s: {'status': 'success', 'submission_id': 1107817}
[2026-03-04 08:26:37,360: INFO/MainProcess] Task myapp.tasks.mark_submission_async[a4a4412f-fcdf-4a95-ae54-a431f81c7a1c] received
[2026-03-04 08:26:38,362: INFO/ForkPoolWorker-2] [Celery Task] Starting marking for submission 1107818
[2026-03-04 08:26:38,363: WARNING/ForkPoolWorker-2] Step 2: Marking actually started with sessionid: 1107818
[2026-03-04 08:26:38,363: WARNING/ForkPoolWorker-2] Step 2a: sessionid type = <class 'int'>, value = 1107818
[2026-03-04 08:26:38,495: WARNING/ForkPoolWorker-2] No matching deadline found for sessionid 1107818, student LMNXAV001, course MAM1014F, class Lecture Group 1, tutorial TUT1
[2026-03-04 08:26:38,496: INFO/ForkPoolWorker-2] [Celery Task] ✓ Completed marking for submission 1107818
[2026-03-04 08:26:38,497: INFO/ForkPoolWorker-2] Task myapp.tasks.mark_submission_async[a4a4412f-fcdf-4a95-ae54-a431f81c7a1c] succeeded in 0.13665374997071922s: {'status': 'success', 'submission_id': 1107818}
[2026-03-04 08:31:49,998: INFO/MainProcess] Task myapp.tasks.mark_submission_async[ddfb9874-66cd-4833-9e4b-b191a0210523] received
[2026-03-04 08:31:50,006: INFO/ForkPoolWorker-2] [Celery Task] Starting marking for submission 1107820
[2026-03-04 08:31:50,007: WARNING/ForkPoolWorker-2] Step 2: Marking actually started with sessionid: 1107820
[2026-03-04 08:31:50,007: WARNING/ForkPoolWorker-2] Step 2a: sessionid type = <class 'int'>, value = 1107820
[2026-03-04 08:31:50,226: WARNING/ForkPoolWorker-2] No student class found for studentid ADMSIN002 and course MAM1014F
[2026-03-04 08:31:50,227: INFO/ForkPoolWorker-2] [Celery Task] ✓ Completed marking for submission 1107820
[2026-03-04 08:31:50,230: INFO/ForkPoolWorker-2] Task myapp.tasks.mark_submission_async[ddfb9874-66cd-4833-9e4b-b191a0210523] succeeded in 0.22641183400992304s: {'status': 'success', 'submission_id': 1107820}
[2026-03-04 08:37:34,118: INFO/MainProcess] Task myapp.tasks.mark_submission_async[d0f4f735-5206-4821-8dc1-a46e4318ebf1] received
[2026-03-04 08:37:34,123: INFO/ForkPoolWorker-2] [Celery Task] Starting marking for submission 1107823
[2026-03-04 08:37:34,124: WARNING/ForkPoolWorker-2] Step 2: Marking actually started with sessionid: 1107823
[2026-03-04 08:37:34,124: WARNING/ForkPoolWorker-2] Step 2a: sessionid type = <class 'int'>, value = 1107823
[2026-03-04 08:37:34,262: WARNING/ForkPoolWorker-2] No student class found for studentid ADMSIN002 and course MAM1014F
[2026-03-04 08:37:34,263: INFO/ForkPoolWorker-2] [Celery Task] ✓ Completed marking for submission 1107823
[2026-03-04 08:37:34,264: INFO/ForkPoolWorker-2] Task myapp.tasks.mark_submission_async[d0f4f735-5206-4821-8dc1-a46e4318ebf1] succeeded in 0.14210245804861188s: {'status': 'success', 'submission_id': 1107823}
[2026-03-04 08:40:33,791: INFO/MainProcess] Task myapp.tasks.mark_submission_async[aa9e075b-5f85-48a1-a249-0b08eba650d9] received
[2026-03-04 08:40:33,795: INFO/ForkPoolWorker-2] [Celery Task] Starting marking for submission 1107824
[2026-03-04 08:40:33,796: WARNING/ForkPoolWorker-2] Step 2: Marking actually started with sessionid: 1107824
[2026-03-04 08:40:33,796: WARNING/ForkPoolWorker-2] Step 2a: sessionid type = <class 'int'>, value = 1107824
[2026-03-04 08:40:34,034: WARNING/ForkPoolWorker-2] No matching deadline found for sessionid 1107824, student NDLMBA040, course MAM1022F, class Lecture Group 2, tutorial TUT1
[2026-03-04 08:40:34,035: INFO/ForkPoolWorker-2] [Celery Task] ✓ Completed marking for submission 1107824
[2026-03-04 08:40:34,037: INFO/ForkPoolWorker-2] Task myapp.tasks.mark_submission_async[aa9e075b-5f85-48a1-a249-0b08eba650d9] succeeded in 0.24243416695389897s: {'status': 'success', 'submission_id': 1107824}
[2026-03-04 08:47:19,697: INFO/MainProcess] Task myapp.tasks.mark_submission_async[70075748-9323-40b6-a516-c5d489cda9fd] received
[2026-03-04 08:47:19,703: INFO/MainProcess] Task myapp.tasks.mark_submission_async[cf0a0da1-b9c0-44e2-91c4-92184b965018] received
[2026-03-04 08:47:19,708: INFO/MainProcess] Task myapp.tasks.mark_submission_async[d229d6ad-2241-4852-b069-88e236dd37fd] received
[2026-03-04 08:47:19,710: INFO/MainProcess] Task myapp.tasks.mark_submission_async[33c15d81-a63d-4b4f-9891-59f69cecaed7] received
[2026-03-04 08:47:19,708: INFO/ForkPoolWorker-2] [Celery Task] Starting marking for submission 1107825
[2026-03-04 08:47:19,710: WARNING/ForkPoolWorker-2] Step 2: Marking actually started with sessionid: 1107825
[2026-03-04 08:47:19,711: WARNING/ForkPoolWorker-2] Step 2a: sessionid type = <class 'int'>, value = 1107825
[2026-03-04 08:47:19,873: WARNING/ForkPoolWorker-2] No student class found for studentid ADMSIN002 and course MAM1014F
[2026-03-04 08:47:19,874: INFO/ForkPoolWorker-2] [Celery Task] ✓ Completed marking for submission 1107825
[2026-03-04 08:47:19,875: INFO/ForkPoolWorker-2] Task myapp.tasks.mark_submission_async[70075748-9323-40b6-a516-c5d489cda9fd] succeeded in 0.17033225006889552s: {'status': 'success', 'submission_id': 1107825}
[2026-03-04 08:47:19,876: INFO/ForkPoolWorker-2] [Celery Task] Starting marking for submission 1107829
[2026-03-04 08:47:19,876: WARNING/ForkPoolWorker-2] Step 2: Marking actually started with sessionid: 1107829
[2026-03-04 08:47:19,876: WARNING/ForkPoolWorker-2] Step 2a: sessionid type = <class 'int'>, value = 1107829
[2026-03-04 08:47:20,010: WARNING/ForkPoolWorker-2] No matching deadline found for sessionid 1107829, student NJNIND001, course MAM1022F, class Lecture Group 3, tutorial TUT1
[2026-03-04 08:47:20,010: INFO/ForkPoolWorker-2] [Celery Task] ✓ Completed marking for submission 1107829
[2026-03-04 08:47:20,011: INFO/ForkPoolWorker-2] Task myapp.tasks.mark_submission_async[d229d6ad-2241-4852-b069-88e236dd37fd] succeeded in 0.13510637497529387s: {'status': 'success', 'submission_id': 1107829}
[2026-03-04 08:47:20,012: INFO/ForkPoolWorker-2] [Celery Task] Starting marking for submission 1107831
[2026-03-04 08:47:20,012: WARNING/ForkPoolWorker-2] Step 2: Marking actually started with sessionid: 1107831
[2026-03-04 08:47:20,012: WARNING/ForkPoolWorker-2] Step 2a: sessionid type = <class 'int'>, value = 1107831
[2026-03-04 08:47:20,222: WARNING/ForkPoolWorker-2] No matching deadline found for sessionid 1107831, student NGWNOL016, course MAM1022F, class Lecture Group 3, tutorial TUT1
[2026-03-04 08:47:20,222: INFO/ForkPoolWorker-2] [Celery Task] ✓ Completed marking for submission 1107831
[2026-03-04 08:47:20,223: INFO/ForkPoolWorker-2] Task myapp.tasks.mark_submission_async[33c15d81-a63d-4b4f-9891-59f69cecaed7] succeeded in 0.21176462492439896s: {'status': 'success', 'submission_id': 1107831}
[2026-03-04 08:47:21,003: INFO/MainProcess] Task myapp.tasks.mark_submission_async[d218873b-0434-4c6f-a99c-273a1ba2ad42] received
[2026-03-04 08:47:23,151: WARNING/ForkPoolWorker-1] ⚙️  Loaded spaCy model once (cached for all submissions)
[2026-03-04 08:47:23,152: INFO/ForkPoolWorker-1] [Celery Task] Starting marking for submission 1107827
[2026-03-04 08:47:23,152: WARNING/ForkPoolWorker-1] Step 2: Marking actually started with sessionid: 1107827
[2026-03-04 08:47:23,152: WARNING/ForkPoolWorker-1] Step 2a: sessionid type = <class 'int'>, value = 1107827
[2026-03-04 08:47:23,384: WARNING/ForkPoolWorker-1] No student class found for studentid ADMSIN002 and course MAM1014F
[2026-03-04 08:47:23,384: INFO/ForkPoolWorker-1] [Celery Task] ✓ Completed marking for submission 1107827
[2026-03-04 08:47:23,387: INFO/ForkPoolWorker-1] Task myapp.tasks.mark_submission_async[cf0a0da1-b9c0-44e2-91c4-92184b965018] succeeded in 3.6798495419789106s: {'status': 'success', 'submission_id': 1107827}
[2026-03-04 08:47:24,024: INFO/ForkPoolWorker-2] [Celery Task] Starting marking for submission 1107826
[2026-03-04 08:47:24,033: WARNING/ForkPoolWorker-2] Step 2: Marking actually started with sessionid: 1107826
[2026-03-04 08:47:24,034: WARNING/ForkPoolWorker-2] Step 2a: sessionid type = <class 'int'>, value = 1107826
[2026-03-04 08:47:24,394: WARNING/ForkPoolWorker-2] No matching deadline found for sessionid 1107826, student MHLBLE013, course MAM1014F, class Lecture Group 2, tutorial TUT1
[2026-03-04 08:47:24,395: INFO/ForkPoolWorker-2] [Celery Task] ✓ Completed marking for submission 1107826
[2026-03-04 08:47:24,397: INFO/ForkPoolWorker-2] Task myapp.tasks.mark_submission_async[d218873b-0434-4c6f-a99c-273a1ba2ad42] succeeded in 0.3815724999876693s: {'status': 'success', 'submission_id': 1107826}
[2026-03-04 08:49:45,053: INFO/MainProcess] Task myapp.tasks.mark_submission_async[a4241ddf-998c-43c2-9cc3-8ec811fcb4fd] received
[2026-03-04 08:49:45,057: INFO/ForkPoolWorker-2] [Celery Task] Starting marking for submission 1107832
[2026-03-04 08:49:45,058: WARNING/ForkPoolWorker-2] Step 2: Marking actually started with sessionid: 1107832
[2026-03-04 08:49:45,058: WARNING/ForkPoolWorker-2] Step 2a: sessionid type = <class 'int'>, value = 1107832
[2026-03-04 08:49:45,201: WARNING/ForkPoolWorker-2] No matching deadline found for sessionid 1107832, student 01375850, course MAM1014F, class None, tutorial TUT1
[2026-03-04 08:49:45,202: INFO/ForkPoolWorker-2] [Celery Task] ✓ Completed marking for submission 1107832
[2026-03-04 08:49:45,204: INFO/ForkPoolWorker-2] Task myapp.tasks.mark_submission_async[a4241ddf-998c-43c2-9cc3-8ec811fcb4fd] succeeded in 0.14703833300154656s: {'status': 'success', 'submission_id': 1107832}
[2026-03-04 08:50:35,940: INFO/MainProcess] Task myapp.tasks.mark_submission_async[b3382b1a-5778-4709-a87a-3047a8bc76a7] received
[2026-03-04 08:50:35,941: INFO/ForkPoolWorker-2] [Celery Task] Starting marking for submission 1107833
[2026-03-04 08:50:35,942: WARNING/ForkPoolWorker-2] Step 2: Marking actually started with sessionid: 1107833
[2026-03-04 08:50:35,942: WARNING/ForkPoolWorker-2] Step 2a: sessionid type = <class 'int'>, value = 1107833
[2026-03-04 08:50:36,086: WARNING/ForkPoolWorker-2] No matching deadline found for sessionid 1107833, student MHLBLE013, course MAM1014F, class Lecture Group 2, tutorial TUT1
[2026-03-04 08:50:36,086: INFO/ForkPoolWorker-2] [Celery Task] ✓ Completed marking for submission 1107833
[2026-03-04 08:50:36,087: INFO/ForkPoolWorker-2] Task myapp.tasks.mark_submission_async[b3382b1a-5778-4709-a87a-3047a8bc76a7] succeeded in 0.14667716703843325s: {'status': 'success', 'submission_id': 1107833}
[2026-03-04 08:52:34,384: INFO/MainProcess] Task myapp.tasks.mark_submission_async[a82a249d-cd00-4af2-85cf-19cc1786039d] received
[2026-03-04 08:52:35,386: INFO/ForkPoolWorker-2] [Celery Task] Starting marking for submission 1107834
[2026-03-04 08:52:35,387: WARNING/ForkPoolWorker-2] Step 2: Marking actually started with sessionid: 1107834
[2026-03-04 08:52:35,387: WARNING/ForkPoolWorker-2] Step 2a: sessionid type = <class 'int'>, value = 1107834
[2026-03-04 08:52:35,511: WARNING/ForkPoolWorker-2] No matching deadline found for sessionid 1107834, student MBTAVU002, course MAM1014F, class Lecture Group 1, tutorial TUT1
[2026-03-04 08:52:35,511: INFO/ForkPoolWorker-2] [Celery Task] ✓ Completed marking for submission 1107834
[2026-03-04 08:52:35,513: INFO/ForkPoolWorker-2] Task myapp.tasks.mark_submission_async[a82a249d-cd00-4af2-85cf-19cc1786039d] succeeded in 0.1295894579961896s: {'status': 'success', 'submission_id': 1107834}
[2026-03-04 09:02:54,902: INFO/MainProcess] missed heartbeat from worker1@Jumanis-MacBook-Pro.local
[2026-03-04 09:11:16,243: INFO/MainProcess] missed heartbeat from worker1@Jumanis-MacBook-Pro.local
[2026-03-04 09:11:58,351: INFO/MainProcess] Task myapp.tasks.mark_submission_async[3db80721-d9a3-4d0f-bac2-5931c28a64eb] received
[2026-03-04 09:11:58,355: INFO/MainProcess] Task myapp.tasks.mark_submission_async[8539fd7a-8563-420c-8cd8-c02420e8fafc] received
[2026-03-04 09:11:58,353: INFO/ForkPoolWorker-2] [Celery Task] Starting marking for submission 1107836
[2026-03-04 09:11:58,356: WARNING/ForkPoolWorker-2] Step 2: Marking actually started with sessionid: 1107836
[2026-03-04 09:11:58,356: WARNING/ForkPoolWorker-2] Step 2a: sessionid type = <class 'int'>, value = 1107836
[2026-03-04 09:11:58,358: INFO/ForkPoolWorker-1] [Celery Task] Starting marking for submission 1107838
[2026-03-04 09:11:58,358: WARNING/ForkPoolWorker-1] Step 2: Marking actually started with sessionid: 1107838
[2026-03-04 09:11:58,358: WARNING/ForkPoolWorker-1] Step 2a: sessionid type = <class 'int'>, value = 1107838
[2026-03-04 09:11:58,505: WARNING/ForkPoolWorker-2] No matching deadline found for sessionid 1107836, student JRSCAI001, course MAM1014F, class Lecture Group 1, tutorial TUT1
[2026-03-04 09:11:58,506: INFO/ForkPoolWorker-2] [Celery Task] ✓ Completed marking for submission 1107836
[2026-03-04 09:11:58,508: INFO/ForkPoolWorker-2] Task myapp.tasks.mark_submission_async[3db80721-d9a3-4d0f-bac2-5931c28a64eb] succeeded in 0.15564500004984438s: {'status': 'success', 'submission_id': 1107836}
[2026-03-04 09:11:58,520: WARNING/ForkPoolWorker-1] Step 3: Fetched 132 answers for sessionid 1107838
[2026-03-04 09:11:58,881: WARNING/ForkPoolWorker-1] ValueError/TypeError in mark_value_answer with answervalue=0.0, solution=None: float() argument must be a string or a real number, not 'NoneType'
[2026-03-04 09:11:58,911: WARNING/ForkPoolWorker-1] ValueError/TypeError in mark_value_answer with answervalue=0.0, solution=None: float() argument must be a string or a real number, not 'NoneType'
[2026-03-04 09:11:59,062: WARNING/ForkPoolWorker-1] Marking NLP answer: 12.5 of all employed in South Africa work in the Manufacturing Industry. for question_md_id: 34
[2026-03-04 09:11:59,067: WARNING/ForkPoolWorker-1] Using NLP rule_id: 2, language: en, spacy_model: en_core_web_md
[2026-03-04 09:11:59,731: INFO/MainProcess] Task myapp.tasks.mark_submission_async[6ee16504-df1d-4b69-b384-9de6eeee5046] received
[2026-03-04 09:12:00,314: WARNING/ForkPoolWorker-1] head_phrase: 12.5 of all employed in South Africa
[2026-03-04 09:12:00,314: WARNING/ForkPoolWorker-1]  
[2026-03-04 09:12:00,314: WARNING/ForkPoolWorker-1] head_token: 12.5
[2026-03-04 09:12:00,315: WARNING/ForkPoolWorker-1] Extracted head phrase before simplification: '12.5 of all employed in South Africa'
[2026-03-04 09:12:00,315: WARNING/ForkPoolWorker-1]  
[2026-03-04 09:12:00,315: WARNING/ForkPoolWorker-1] with head token: '12.5'
[2026-03-04 09:12:00,315: WARNING/ForkPoolWorker-1] Student whole: all employed in South Africa
[2026-03-04 09:12:00,328: WARNING/ForkPoolWorker-1] Student root nouns: []
[2026-03-04 09:12:00,609: WARNING/ForkPoolWorker-1] head_phrase: 12.5% of employed people in South Africa in 2023
[2026-03-04 09:12:00,609: WARNING/ForkPoolWorker-1]  
[2026-03-04 09:12:00,609: WARNING/ForkPoolWorker-1] head_token: %
[2026-03-04 09:12:00,609: WARNING/ForkPoolWorker-1] Extracted head phrase before simplification: '12.5% of employed people in South Africa in 2023'
[2026-03-04 09:12:00,610: WARNING/ForkPoolWorker-1]  
[2026-03-04 09:12:00,610: WARNING/ForkPoolWorker-1] with head token: '%'
[2026-03-04 09:12:00,799: WARNING/ForkPoolWorker-1] Marking NLP answer: 7.7% means that 7.7 out of every 100 females in South Africa in October 1999 were between the ages of 30 qnd 34. for question_md_id: 35
[2026-03-04 09:12:00,804: WARNING/ForkPoolWorker-1] Using NLP rule_id: 3, language: en, spacy_model: en_core_web_md
[2026-03-04 09:12:01,259: WARNING/ForkPoolWorker-1] Found potential equative ROOT: 'were' (lemma: 'be')
[2026-03-04 09:12:01,272: WARNING/ForkPoolWorker-1] head_phrase: 7.7 out of every 100 females in South Africa
[2026-03-04 09:12:01,272: WARNING/ForkPoolWorker-1]  
[2026-03-04 09:12:01,272: WARNING/ForkPoolWorker-1] head_token: 7.7
[2026-03-04 09:12:01,272: WARNING/ForkPoolWorker-1] Extracted head phrase before simplification: '7.7 out of every 100 females in South Africa'
[2026-03-04 09:12:01,273: WARNING/ForkPoolWorker-1]  
[2026-03-04 09:12:01,273: WARNING/ForkPoolWorker-1] with head token: '7.7'
[2026-03-04 09:12:01,273: WARNING/ForkPoolWorker-1] Student whole: of every 100 females in South Africa
[2026-03-04 09:12:01,288: WARNING/ForkPoolWorker-1] Student root nouns: []
[2026-03-04 09:12:01,675: WARNING/ForkPoolWorker-1] Found potential equative ROOT: 'was' (lemma: 'be')
[2026-03-04 09:12:01,688: WARNING/ForkPoolWorker-1] head_phrase: 7.7% of the female population in South Africa in October in 1999
[2026-03-04 09:12:01,688: WARNING/ForkPoolWorker-1]  
[2026-03-04 09:12:01,688: WARNING/ForkPoolWorker-1] head_token: %
[2026-03-04 09:12:01,688: WARNING/ForkPoolWorker-1] Extracted head phrase before simplification: '7.7% of the female population in South Africa in October in 1999'
[2026-03-04 09:12:01,688: WARNING/ForkPoolWorker-1]  
[2026-03-04 09:12:01,689: WARNING/ForkPoolWorker-1] with head token: '%'
[2026-03-04 09:12:18,011: INFO/ForkPoolWorker-2] [Celery Task] Starting marking for submission 1107837
[2026-03-04 09:12:18,012: WARNING/ForkPoolWorker-2] Step 2: Marking actually started with sessionid: 1107837
[2026-03-04 09:12:18,012: WARNING/ForkPoolWorker-2] Step 2a: sessionid type = <class 'int'>, value = 1107837
[2026-03-04 09:12:18,211: WARNING/ForkPoolWorker-2] No matching deadline found for sessionid 1107837, student MHLBLE013, course MAM1014F, class Lecture Group 2, tutorial TUT1
[2026-03-04 09:12:18,211: INFO/ForkPoolWorker-2] [Celery Task] ✓ Completed marking for submission 1107837
[2026-03-04 09:12:18,212: INFO/ForkPoolWorker-2] Task myapp.tasks.mark_submission_async[6ee16504-df1d-4b69-b384-9de6eeee5046] succeeded in 0.20284108305349946s: {'status': 'success', 'submission_id': 1107837}
[2026-03-04 09:12:28,784: WARNING/ForkPoolWorker-1] Marking NLP answer:  for question_md_id: 36
[2026-03-04 09:12:28,785: WARNING/ForkPoolWorker-1] No answer text provided
[2026-03-04 09:12:29,805: WARNING/ForkPoolWorker-1] Marking chart answer for question_md_id: 28
[2026-03-04 09:12:29,811: WARNING/ForkPoolWorker-1] Using chart rule_id: 2, expected type: xlColumnClustered
[2026-03-04 09:12:29,814: WARNING/ForkPoolWorker-1] Chart type match: xlColumnClustered -> Column
[2026-03-04 09:12:29,815: WARNING/ForkPoolWorker-1] Title present
[2026-03-04 09:12:29,815: WARNING/ForkPoolWorker-1] X-axis title present
[2026-03-04 09:12:29,816: WARNING/ForkPoolWorker-1] Y-axis title present
[2026-03-04 09:12:29,820: WARNING/ForkPoolWorker-1] Series data full match
[2026-03-04 09:12:29,821: WARNING/ForkPoolWorker-1] Final mark: 8/9
[2026-03-04 09:12:29,832: WARNING/ForkPoolWorker-1] Marking chart answer for question_md_id: 29
[2026-03-04 09:12:29,838: WARNING/ForkPoolWorker-1] Using chart rule_id: 3, expected type: xlColumnClustered
[2026-03-04 09:12:29,838: WARNING/ForkPoolWorker-1] Chart type match: xlColumnClustered -> Column
[2026-03-04 09:12:29,839: WARNING/ForkPoolWorker-1] Title present
[2026-03-04 09:12:29,840: WARNING/ForkPoolWorker-1] X-axis title present
[2026-03-04 09:12:29,840: WARNING/ForkPoolWorker-1] Y-axis title present
[2026-03-04 09:12:29,845: WARNING/ForkPoolWorker-1] Series data mismatch
[2026-03-04 09:12:29,845: WARNING/ForkPoolWorker-1] Final mark: 4/9
[2026-03-04 09:12:29,878: INFO/ForkPoolWorker-1] [Celery Task] ✓ Completed marking for submission 1107838
[2026-03-04 09:12:29,879: INFO/ForkPoolWorker-1] Task myapp.tasks.mark_submission_async[8539fd7a-8563-420c-8cd8-c02420e8fafc] succeeded in 16.247279167058878s: {'status': 'success', 'submission_id': 1107838}
[2026-03-04 09:14:54,393: INFO/MainProcess] Task myapp.tasks.mark_submission_async[2cb1a1bf-1c41-44c3-a3ef-dc9c6baab984] received
[2026-03-04 09:14:54,396: INFO/ForkPoolWorker-2] [Celery Task] Starting marking for submission 1107839
[2026-03-04 09:14:54,396: WARNING/ForkPoolWorker-2] Step 2: Marking actually started with sessionid: 1107839
[2026-03-04 09:14:54,397: WARNING/ForkPoolWorker-2] Step 2a: sessionid type = <class 'int'>, value = 1107839
[2026-03-04 09:14:54,652: WARNING/ForkPoolWorker-2] No matching deadline found for sessionid 1107839, student MHLBLE013, course MAM1014F, class Lecture Group 2, tutorial TUT1
[2026-03-04 09:14:54,653: INFO/ForkPoolWorker-2] [Celery Task] ✓ Completed marking for submission 1107839
[2026-03-04 09:14:54,655: INFO/ForkPoolWorker-2] Task myapp.tasks.mark_submission_async[2cb1a1bf-1c41-44c3-a3ef-dc9c6baab984] succeeded in 0.2600567080080509s: {'status': 'success', 'submission_id': 1107839}
[2026-03-04 09:28:41,871: INFO/MainProcess] Task myapp.tasks.mark_submission_async[dd3876af-b459-4d95-bbe5-f709b539aac2] received
[2026-03-04 09:28:41,875: INFO/MainProcess] Task myapp.tasks.mark_submission_async[0dc8fe3d-4588-4461-abc5-77dec1a25dab] received
[2026-03-04 09:28:41,874: INFO/ForkPoolWorker-2] [Celery Task] Starting marking for submission 1107840
[2026-03-04 09:28:41,875: WARNING/ForkPoolWorker-2] Step 2: Marking actually started with sessionid: 1107840
[2026-03-04 09:28:41,876: WARNING/ForkPoolWorker-2] Step 2a: sessionid type = <class 'int'>, value = 1107840
[2026-03-04 09:28:41,876: INFO/MainProcess] Task myapp.tasks.mark_submission_async[f100ca60-16e8-4a62-acdf-c8ecf4224233] received
[2026-03-04 09:28:41,877: INFO/ForkPoolWorker-1] [Celery Task] Starting marking for submission 1107842
[2026-03-04 09:28:41,877: WARNING/ForkPoolWorker-1] Step 2: Marking actually started with sessionid: 1107842
[2026-03-04 09:28:41,878: WARNING/ForkPoolWorker-1] Step 2a: sessionid type = <class 'int'>, value = 1107842
[2026-03-04 09:28:42,069: WARNING/ForkPoolWorker-2] No matching deadline found for sessionid 1107840, student JRSCAI001, course MAM1014F, class Lecture Group 1, tutorial TUT1
[2026-03-04 09:28:42,070: INFO/ForkPoolWorker-2] [Celery Task] ✓ Completed marking for submission 1107840
[2026-03-04 09:28:42,072: INFO/ForkPoolWorker-2] Task myapp.tasks.mark_submission_async[dd3876af-b459-4d95-bbe5-f709b539aac2] succeeded in 0.19840400002431124s: {'status': 'success', 'submission_id': 1107840}
[2026-03-04 09:28:42,074: INFO/ForkPoolWorker-2] [Celery Task] Starting marking for submission 1107843
[2026-03-04 09:28:42,074: WARNING/ForkPoolWorker-2] Step 2: Marking actually started with sessionid: 1107843
[2026-03-04 09:28:42,075: WARNING/ForkPoolWorker-2] Step 2a: sessionid type = <class 'int'>, value = 1107843
[2026-03-04 09:28:42,172: WARNING/ForkPoolWorker-1] Step 3: Fetched 130 answers for sessionid 1107842
[2026-03-04 09:28:42,216: WARNING/ForkPoolWorker-1] ValueError/TypeError in mark_value_answer with answervalue=0.0, solution=None: float() argument must be a string or a real number, not 'NoneType'
[2026-03-04 09:28:42,247: WARNING/ForkPoolWorker-1] ValueError/TypeError in mark_value_answer with answervalue=0.0, solution=None: float() argument must be a string or a real number, not 'NoneType'
[2026-03-04 09:28:42,364: WARNING/ForkPoolWorker-2] No matching deadline found for sessionid 1107843, student KRRANE003, course MAM1014F, class Lecture Group 1, tutorial TUT1
[2026-03-04 09:28:42,365: INFO/ForkPoolWorker-2] [Celery Task] ✓ Completed marking for submission 1107843
[2026-03-04 09:28:42,367: INFO/ForkPoolWorker-2] Task myapp.tasks.mark_submission_async[f100ca60-16e8-4a62-acdf-c8ecf4224233] succeeded in 0.2931531249778345s: {'status': 'success', 'submission_id': 1107843}
[2026-03-04 09:28:42,558: WARNING/ForkPoolWorker-1] Marking NLP answer:  for question_md_id: 34
[2026-03-04 09:28:42,559: WARNING/ForkPoolWorker-1] No answer text provided
[2026-03-04 09:28:42,915: WARNING/ForkPoolWorker-1] Marking NLP answer:  for question_md_id: 35
[2026-03-04 09:28:42,917: WARNING/ForkPoolWorker-1] No answer text provided
[2026-03-04 09:28:43,270: WARNING/ForkPoolWorker-1] Marking NLP answer:  for question_md_id: 36
[2026-03-04 09:28:43,271: WARNING/ForkPoolWorker-1] No answer text provided
[2026-03-04 09:28:43,298: INFO/MainProcess] Task myapp.tasks.mark_submission_async[e0c7a5c6-31fe-4243-b4ae-d2972298c23e] received
[2026-03-04 09:28:44,571: INFO/ForkPoolWorker-1] [Celery Task] ✓ Completed marking for submission 1107842
[2026-03-04 09:28:44,573: INFO/ForkPoolWorker-1] Task myapp.tasks.mark_submission_async[0dc8fe3d-4588-4461-abc5-77dec1a25dab] succeeded in 2.6970817919354886s: {'status': 'success', 'submission_id': 1107842}
[2026-03-04 09:28:46,301: INFO/ForkPoolWorker-2] [Celery Task] Starting marking for submission 1107841
[2026-03-04 09:28:46,302: WARNING/ForkPoolWorker-2] Step 2: Marking actually started with sessionid: 1107841
[2026-03-04 09:28:46,302: WARNING/ForkPoolWorker-2] Step 2a: sessionid type = <class 'int'>, value = 1107841
[2026-03-04 09:28:46,560: WARNING/ForkPoolWorker-2] No matching deadline found for sessionid 1107841, student KRRANE003, course MAM1014F, class Lecture Group 1, tutorial TUT1
[2026-03-04 09:28:46,561: INFO/ForkPoolWorker-2] [Celery Task] ✓ Completed marking for submission 1107841
[2026-03-04 09:28:46,563: INFO/ForkPoolWorker-2] Task myapp.tasks.mark_submission_async[e0c7a5c6-31fe-4243-b4ae-d2972298c23e] succeeded in 0.26432624994777143s: {'status': 'success', 'submission_id': 1107841}
[2026-03-04 10:16:04,768: INFO/MainProcess] missed heartbeat from worker1@Jumanis-MacBook-Pro.local
[2026-03-04 10:26:24,975: INFO/MainProcess] missed heartbeat from worker1@Jumanis-MacBook-Pro.local
[2026-03-04 11:27:47,890: INFO/MainProcess] missed heartbeat from worker1@Jumanis-MacBook-Pro.local
[2026-03-04 12:20:11,989: INFO/MainProcess] missed heartbeat from worker1@Jumanis-MacBook-Pro.local
[2026-03-04 12:31:56,719: INFO/MainProcess] missed heartbeat from worker1@Jumanis-MacBook-Pro.local
[2026-03-04 13:15:37,532: INFO/MainProcess] missed heartbeat from worker1@Jumanis-MacBook-Pro.local
[2026-03-04 13:51:42,223: INFO/MainProcess] missed heartbeat from worker1@Jumanis-MacBook-Pro.local
[2026-03-04 14:46:14,844: INFO/MainProcess] missed heartbeat from worker1@Jumanis-MacBook-Pro.local
[2026-03-04 16:15:40,872: INFO/MainProcess] missed heartbeat from worker1@Jumanis-MacBook-Pro.local
[2026-03-04 17:01:00,265: INFO/MainProcess] missed heartbeat from worker1@Jumanis-MacBook-Pro.local
[2026-03-04 17:02:50,570: INFO/MainProcess] missed heartbeat from worker1@Jumanis-MacBook-Pro.local
[2026-03-04 17:05:29,510: INFO/MainProcess] missed heartbeat from worker1@Jumanis-MacBook-Pro.local
[2026-03-04 17:18:43,457: INFO/MainProcess] missed heartbeat from worker1@Jumanis-MacBook-Pro.local
[2026-03-04 17:29:23,076: INFO/MainProcess] missed heartbeat from worker1@Jumanis-MacBook-Pro.local
[2026-03-04 17:38:16,404: INFO/MainProcess] missed heartbeat from worker1@Jumanis-MacBook-Pro.local
[2026-03-04 17:40:04,700: INFO/MainProcess] missed heartbeat from worker1@Jumanis-MacBook-Pro.local
[2026-03-04 17:48:58,552: INFO/MainProcess] missed heartbeat from worker1@Jumanis-MacBook-Pro.local
[2026-03-04 18:09:29,159: INFO/MainProcess] missed heartbeat from worker1@Jumanis-MacBook-Pro.local
[2026-03-04 19:01:26,940: INFO/MainProcess] missed heartbeat from worker1@Jumanis-MacBook-Pro.local
[2026-03-04 19:48:26,504: INFO/MainProcess] missed heartbeat from worker1@Jumanis-MacBook-Pro.local
[2026-03-04 20:00:13,093: INFO/MainProcess] missed heartbeat from worker1@Jumanis-MacBook-Pro.local
[2026-03-04 21:03:26,520: INFO/MainProcess] missed heartbeat from worker1@Jumanis-MacBook-Pro.local
[2026-03-04 22:49:56,678: INFO/MainProcess] missed heartbeat from worker1@Jumanis-MacBook-Pro.local
[2026-03-05 00:15:32,123: INFO/MainProcess] missed heartbeat from worker1@Jumanis-MacBook-Pro.local
[2026-03-05 00:25:28,153: INFO/MainProcess] missed heartbeat from worker1@Jumanis-MacBook-Pro.local
[2026-03-05 01:52:56,514: INFO/MainProcess] missed heartbeat from worker1@Jumanis-MacBook-Pro.local
[2026-03-05 02:03:54,982: INFO/MainProcess] missed heartbeat from worker1@Jumanis-MacBook-Pro.local
