[2026-03-05 02:12:32,358: INFO/MainProcess] missed heartbeat from worker1@Jumanis-MacBook-Pro.local
[2026-03-05 02:48:33,504: INFO/MainProcess] missed heartbeat from worker1@Jumanis-MacBook-Pro.local
[2026-03-05 03:51:30,330: INFO/MainProcess] missed heartbeat from worker1@Jumanis-MacBook-Pro.local
[2026-03-05 04:14:14,691: INFO/MainProcess] missed heartbeat from worker1@Jumanis-MacBook-Pro.local
[2026-03-05 05:05:24,630: INFO/MainProcess] Task myapp.tasks.mark_submission_async[140491a9-9fab-4f49-8836-de16082d8f78] received
[2026-03-05 05:05:24,639: INFO/ForkPoolWorker-2] [Celery Task] Starting marking for submission 1107974
[2026-03-05 05:05:24,640: WARNING/ForkPoolWorker-2] Step 2: Marking actually started with sessionid: 1107974
[2026-03-05 05:05:24,641: WARNING/ForkPoolWorker-2] Step 2a: sessionid type = <class 'int'>, value = 1107974
[2026-03-05 05:05:24,837: WARNING/ForkPoolWorker-2] No matching deadline found for sessionid 1107974, student SHKAMA004, course MAM1022F, class Lecture Group 1, tutorial TUT1
[2026-03-05 05:05:24,838: INFO/ForkPoolWorker-2] [Celery Task] ✓ Completed marking for submission 1107974
[2026-03-05 05:05:24,839: INFO/ForkPoolWorker-2] Task myapp.tasks.mark_submission_async[140491a9-9fab-4f49-8836-de16082d8f78] succeeded in 0.20485312503296882s: {'status': 'success', 'submission_id': 1107974}
[2026-03-05 05:35:24,660: INFO/MainProcess] Task myapp.tasks.mark_submission_async[2fa4a15d-4d79-4a90-91e1-d1022825169c] received
[2026-03-05 05:35:24,664: INFO/ForkPoolWorker-2] [Celery Task] Starting marking for submission 1107978
[2026-03-05 05:35:24,665: WARNING/ForkPoolWorker-2] Step 2: Marking actually started with sessionid: 1107978
[2026-03-05 05:35:24,665: WARNING/ForkPoolWorker-2] Step 2a: sessionid type = <class 'int'>, value = 1107978
[2026-03-05 05:35:25,794: WARNING/ForkPoolWorker-2] No matching deadline found for sessionid 1107978, student NDLMBA040, course MAM1022F, class Lecture Group 2, tutorial TUT1
[2026-03-05 05:35:25,796: INFO/ForkPoolWorker-2] [Celery Task] ✓ Completed marking for submission 1107978
[2026-03-05 05:35:25,798: INFO/ForkPoolWorker-2] Task myapp.tasks.mark_submission_async[2fa4a15d-4d79-4a90-91e1-d1022825169c] succeeded in 1.1348670420702547s: {'status': 'success', 'submission_id': 1107978}
[2026-03-05 05:40:07,443: INFO/MainProcess] missed heartbeat from worker1@Jumanis-MacBook-Pro.local
[2026-03-05 05:40:25,874: INFO/MainProcess] Task myapp.tasks.mark_submission_async[e92510af-8ece-4429-bea9-76af08883bfa] received
[2026-03-05 05:40:25,876: INFO/ForkPoolWorker-2] [Celery Task] Starting marking for submission 1107980
[2026-03-05 05:40:25,877: WARNING/ForkPoolWorker-2] Step 2: Marking actually started with sessionid: 1107980
[2026-03-05 05:40:25,877: WARNING/ForkPoolWorker-2] Step 2a: sessionid type = <class 'int'>, value = 1107980
[2026-03-05 05:40:27,112: WARNING/ForkPoolWorker-2] No matching deadline found for sessionid 1107980, student DNXKIR004, course MAM1014F, class Lecture Group 2, tutorial TUT1
[2026-03-05 05:40:27,114: INFO/ForkPoolWorker-2] [Celery Task] ✓ Completed marking for submission 1107980
[2026-03-05 05:40:27,116: INFO/ForkPoolWorker-2] Task myapp.tasks.mark_submission_async[e92510af-8ece-4429-bea9-76af08883bfa] succeeded in 1.2410269160754979s: {'status': 'success', 'submission_id': 1107980}
[2026-03-05 05:40:29,257: INFO/MainProcess] Task myapp.tasks.mark_submission_async[d8b8e69e-9f29-43c8-a8f7-a4e10bd9d9b4] received
[2026-03-05 05:40:32,263: INFO/ForkPoolWorker-2] [Celery Task] Starting marking for submission 1107979
[2026-03-05 05:40:32,264: WARNING/ForkPoolWorker-2] Step 2: Marking actually started with sessionid: 1107979
[2026-03-05 05:40:32,264: WARNING/ForkPoolWorker-2] Step 2a: sessionid type = <class 'int'>, value = 1107979
[2026-03-05 05:40:33,404: WARNING/ForkPoolWorker-2] No matching deadline found for sessionid 1107979, student DNXKIR004, course MAM1014F, class Lecture Group 2, tutorial TUT1
[2026-03-05 05:40:33,405: INFO/ForkPoolWorker-2] [Celery Task] ✓ Completed marking for submission 1107979
[2026-03-05 05:40:33,408: INFO/ForkPoolWorker-2] Task myapp.tasks.mark_submission_async[d8b8e69e-9f29-43c8-a8f7-a4e10bd9d9b4] succeeded in 1.149656750028953s: {'status': 'success', 'submission_id': 1107979}
[2026-03-05 05:44:45,087: INFO/MainProcess] Task myapp.tasks.mark_submission_async[fd1e9567-f735-4008-a532-017f2770373e] received
[2026-03-05 05:44:46,092: INFO/ForkPoolWorker-2] [Celery Task] Starting marking for submission 1107981
[2026-03-05 05:44:46,093: WARNING/ForkPoolWorker-2] Step 2: Marking actually started with sessionid: 1107981
[2026-03-05 05:44:46,094: WARNING/ForkPoolWorker-2] Step 2a: sessionid type = <class 'int'>, value = 1107981
[2026-03-05 05:44:47,205: WARNING/ForkPoolWorker-2] No matching deadline found for sessionid 1107981, student DNXKIR004, course MAM1014F, class Lecture Group 2, tutorial TUT1
[2026-03-05 05:44:47,206: INFO/ForkPoolWorker-2] [Celery Task] ✓ Completed marking for submission 1107981
[2026-03-05 05:44:47,211: INFO/ForkPoolWorker-2] Task myapp.tasks.mark_submission_async[fd1e9567-f735-4008-a532-017f2770373e] succeeded in 1.1222413330106065s: {'status': 'success', 'submission_id': 1107981}
[2026-03-05 05:45:30,157: INFO/MainProcess] Task myapp.tasks.mark_submission_async[66807deb-4dd1-4832-9ecb-b482667ed841] received
[2026-03-05 05:45:31,159: INFO/ForkPoolWorker-2] [Celery Task] Starting marking for submission 1107982
[2026-03-05 05:45:31,160: WARNING/ForkPoolWorker-2] Step 2: Marking actually started with sessionid: 1107982
[2026-03-05 05:45:31,160: WARNING/ForkPoolWorker-2] Step 2a: sessionid type = <class 'int'>, value = 1107982
[2026-03-05 05:45:32,279: WARNING/ForkPoolWorker-2] No matching deadline found for sessionid 1107982, student DNXKIR004, course MAM1014F, class Lecture Group 2, tutorial TUT1
[2026-03-05 05:45:32,280: INFO/ForkPoolWorker-2] [Celery Task] ✓ Completed marking for submission 1107982
[2026-03-05 05:45:32,282: INFO/ForkPoolWorker-2] Task myapp.tasks.mark_submission_async[66807deb-4dd1-4832-9ecb-b482667ed841] succeeded in 1.1248363750055432s: {'status': 'success', 'submission_id': 1107982}
[2026-03-05 05:49:52,456: INFO/MainProcess] Task myapp.tasks.mark_submission_async[2e86188d-cdfa-4d81-9fe8-017407e3d898] received
[2026-03-05 05:49:53,458: INFO/ForkPoolWorker-2] [Celery Task] Starting marking for submission 1107983
[2026-03-05 05:49:53,458: WARNING/ForkPoolWorker-2] Step 2: Marking actually started with sessionid: 1107983
[2026-03-05 05:49:53,459: WARNING/ForkPoolWorker-2] Step 2a: sessionid type = <class 'int'>, value = 1107983
[2026-03-05 05:49:53,777: WARNING/ForkPoolWorker-2] No matching deadline found for sessionid 1107983, student DNXKIR004, course MAM1014F, class Lecture Group 2, tutorial TUT1
[2026-03-05 05:49:53,778: INFO/ForkPoolWorker-2] [Celery Task] ✓ Completed marking for submission 1107983
[2026-03-05 05:49:53,780: INFO/ForkPoolWorker-2] Task myapp.tasks.mark_submission_async[2e86188d-cdfa-4d81-9fe8-017407e3d898] succeeded in 0.3243288330268115s: {'status': 'success', 'submission_id': 1107983}
[2026-03-05 06:06:01,996: INFO/MainProcess] Task myapp.tasks.mark_submission_async[ebd68abb-b74c-4bbc-86e9-2ae4bb41a81a] received
[2026-03-05 06:06:01,998: INFO/MainProcess] Task myapp.tasks.mark_submission_async[df08a5e3-94f8-4c16-9541-b5cb96aa0465] received
[2026-03-05 06:06:01,998: INFO/ForkPoolWorker-2] [Celery Task] Starting marking for submission 1107984
[2026-03-05 06:06:01,999: WARNING/ForkPoolWorker-2] Step 2: Marking actually started with sessionid: 1107984
[2026-03-05 06:06:01,999: WARNING/ForkPoolWorker-2] Step 2a: sessionid type = <class 'int'>, value = 1107984
[2026-03-05 06:06:02,000: INFO/MainProcess] Task myapp.tasks.mark_submission_async[09cf708e-88d4-46c5-b45a-eeba1908f0b1] received
[2026-03-05 06:06:02,005: INFO/MainProcess] Task myapp.tasks.mark_submission_async[5c7731f5-c7d1-4178-912d-b7f7c7e8a588] received
[2026-03-05 06:06:02,013: INFO/ForkPoolWorker-1] [Celery Task] Starting marking for submission 1107986
[2026-03-05 06:06:02,015: WARNING/ForkPoolWorker-1] Step 2: Marking actually started with sessionid: 1107986
[2026-03-05 06:06:02,016: WARNING/ForkPoolWorker-1] Step 2a: sessionid type = <class 'int'>, value = 1107986
[2026-03-05 06:06:02,171: WARNING/ForkPoolWorker-2] No matching deadline found for sessionid 1107984, student DNXKIR004, course MAM1014F, class Lecture Group 2, tutorial TUT1
[2026-03-05 06:06:02,171: INFO/ForkPoolWorker-2] [Celery Task] ✓ Completed marking for submission 1107984
[2026-03-05 06:06:02,173: INFO/ForkPoolWorker-2] Task myapp.tasks.mark_submission_async[ebd68abb-b74c-4bbc-86e9-2ae4bb41a81a] succeeded in 0.17570095788687468s: {'status': 'success', 'submission_id': 1107984}
[2026-03-05 06:06:02,175: INFO/ForkPoolWorker-2] [Celery Task] Starting marking for submission 1107988
[2026-03-05 06:06:02,175: WARNING/ForkPoolWorker-2] Step 2: Marking actually started with sessionid: 1107988
[2026-03-05 06:06:02,176: INFO/MainProcess] Task myapp.tasks.mark_submission_async[8517f58a-ec41-41cf-8e61-40c837bc4063] received
[2026-03-05 06:06:02,176: WARNING/ForkPoolWorker-2] Step 2a: sessionid type = <class 'int'>, value = 1107988
[2026-03-05 06:06:02,199: WARNING/ForkPoolWorker-1] Step 3: Fetched 132 answers for sessionid 1107986
[2026-03-05 06:06:02,300: WARNING/ForkPoolWorker-2] No matching deadline found for sessionid 1107988, student SLMLEA004, course MAM1014F, class Lecture Group 1, tutorial TUT1
[2026-03-05 06:06:02,300: INFO/ForkPoolWorker-2] [Celery Task] ✓ Completed marking for submission 1107988
[2026-03-05 06:06:02,301: INFO/ForkPoolWorker-2] Task myapp.tasks.mark_submission_async[09cf708e-88d4-46c5-b45a-eeba1908f0b1] succeeded in 0.12630666606128216s: {'status': 'success', 'submission_id': 1107988}
[2026-03-05 06:06:02,302: INFO/ForkPoolWorker-2] [Celery Task] Starting marking for submission 1107991
[2026-03-05 06:06:02,302: WARNING/ForkPoolWorker-2] Step 2: Marking actually started with sessionid: 1107991
[2026-03-05 06:06:02,302: WARNING/ForkPoolWorker-2] Step 2a: sessionid type = <class 'int'>, value = 1107991
[2026-03-05 06:06:02,302: INFO/MainProcess] Task myapp.tasks.mark_submission_async[0ca1b089-cfde-49d4-9702-40c3846d5ced] received
[2026-03-05 06:06:02,340: WARNING/ForkPoolWorker-1] ValueError/TypeError in mark_value_answer with answervalue=0.0, solution=None: float() argument must be a string or a real number, not 'NoneType'
[2026-03-05 06:06:02,364: WARNING/ForkPoolWorker-1] ValueError/TypeError in mark_value_answer with answervalue=0.0, solution=None: float() argument must be a string or a real number, not 'NoneType'
[2026-03-05 06:06:02,407: WARNING/ForkPoolWorker-2] No matching deadline found for sessionid 1107991, student CLRJUM001, course MAM1014F, class None, tutorial TUT1
[2026-03-05 06:06:02,407: INFO/ForkPoolWorker-2] [Celery Task] ✓ Completed marking for submission 1107991
[2026-03-05 06:06:02,408: INFO/ForkPoolWorker-2] Task myapp.tasks.mark_submission_async[5c7731f5-c7d1-4178-912d-b7f7c7e8a588] succeeded in 0.10627545800525695s: {'status': 'success', 'submission_id': 1107991}
[2026-03-05 06:06:02,409: INFO/ForkPoolWorker-2] [Celery Task] Starting marking for submission 1107992
[2026-03-05 06:06:02,409: WARNING/ForkPoolWorker-2] Step 2: Marking actually started with sessionid: 1107992
[2026-03-05 06:06:02,409: WARNING/ForkPoolWorker-2] Step 2a: sessionid type = <class 'int'>, value = 1107992
[2026-03-05 06:06:02,409: INFO/MainProcess] Task myapp.tasks.mark_submission_async[4c994a93-f29f-4549-9ff1-67ad85b04b8c] received
[2026-03-05 06:06:02,575: WARNING/ForkPoolWorker-1] Marking NLP answer: 12.5% means that out of all people employed in South Africa in 2023, 12.5% worked in the Manufacturing industry.  for question_md_id: 34
[2026-03-05 06:06:02,580: WARNING/ForkPoolWorker-1] Using NLP rule_id: 2, language: en, spacy_model: en_core_web_md
[2026-03-05 06:06:02,586: WARNING/ForkPoolWorker-2] No matching deadline found for sessionid 1107992, student PRNSHA015, course MAM1022F, class Lecture Group 2, tutorial TUT1
[2026-03-05 06:06:02,587: INFO/ForkPoolWorker-2] [Celery Task] ✓ Completed marking for submission 1107992
[2026-03-05 06:06:02,588: INFO/ForkPoolWorker-2] Task myapp.tasks.mark_submission_async[8517f58a-ec41-41cf-8e61-40c837bc4063] succeeded in 0.17890654201619327s: {'status': 'success', 'submission_id': 1107992}
[2026-03-05 06:06:02,589: INFO/ForkPoolWorker-2] [Celery Task] Starting marking for submission 1107994
[2026-03-05 06:06:02,589: INFO/MainProcess] Task myapp.tasks.mark_submission_async[162ce94b-a429-4707-8f06-5c3192706410] received
[2026-03-05 06:06:02,589: WARNING/ForkPoolWorker-2] Step 2: Marking actually started with sessionid: 1107994
[2026-03-05 06:06:02,589: WARNING/ForkPoolWorker-2] Step 2a: sessionid type = <class 'int'>, value = 1107994
[2026-03-05 06:06:02,688: WARNING/ForkPoolWorker-2] No matching deadline found for sessionid 1107994, student SCHLUK018, course MAM1022F, class Lecture Group 1, tutorial TUT1
[2026-03-05 06:06:02,688: INFO/ForkPoolWorker-2] [Celery Task] ✓ Completed marking for submission 1107994
[2026-03-05 06:06:02,689: INFO/ForkPoolWorker-2] Task myapp.tasks.mark_submission_async[0ca1b089-cfde-49d4-9702-40c3846d5ced] succeeded in 0.10039245802909136s: {'status': 'success', 'submission_id': 1107994}
[2026-03-05 06:06:02,691: INFO/ForkPoolWorker-2] [Celery Task] Starting marking for submission 1107997
[2026-03-05 06:06:02,691: WARNING/ForkPoolWorker-2] Step 2: Marking actually started with sessionid: 1107997
[2026-03-05 06:06:02,691: WARNING/ForkPoolWorker-2] Step 2a: sessionid type = <class 'int'>, value = 1107997
[2026-03-05 06:06:02,691: INFO/MainProcess] Task myapp.tasks.mark_submission_async[b2c1be93-451c-4b41-a236-60cd5374dfce] received
[2026-03-05 06:06:02,790: WARNING/ForkPoolWorker-2] No matching deadline found for sessionid 1107997, student WBSSOP001, course MAM1014F, class None, tutorial TUT1
[2026-03-05 06:06:02,790: INFO/ForkPoolWorker-2] [Celery Task] ✓ Completed marking for submission 1107997
[2026-03-05 06:06:02,791: INFO/ForkPoolWorker-2] Task myapp.tasks.mark_submission_async[4c994a93-f29f-4549-9ff1-67ad85b04b8c] succeeded in 0.10024350008461624s: {'status': 'success', 'submission_id': 1107997}
[2026-03-05 06:06:02,792: INFO/ForkPoolWorker-2] [Celery Task] Starting marking for submission 1107999
[2026-03-05 06:06:02,792: WARNING/ForkPoolWorker-2] Step 2: Marking actually started with sessionid: 1107999
[2026-03-05 06:06:02,792: WARNING/ForkPoolWorker-2] Step 2a: sessionid type = <class 'int'>, value = 1107999
[2026-03-05 06:06:02,793: INFO/MainProcess] Task myapp.tasks.mark_submission_async[ad6c7cf8-0931-42d1-808d-3e9b8092810f] received
[2026-03-05 06:06:02,907: WARNING/ForkPoolWorker-2] No matching deadline found for sessionid 1107999, student APLMIA001, course MAM1014F, class None, tutorial TUT1
[2026-03-05 06:06:02,908: INFO/ForkPoolWorker-2] [Celery Task] ✓ Completed marking for submission 1107999
[2026-03-05 06:06:02,909: INFO/ForkPoolWorker-2] Task myapp.tasks.mark_submission_async[162ce94b-a429-4707-8f06-5c3192706410] succeeded in 0.11706375004723668s: {'status': 'success', 'submission_id': 1107999}
[2026-03-05 06:06:02,910: INFO/ForkPoolWorker-2] [Celery Task] Starting marking for submission 1108001
[2026-03-05 06:06:02,910: INFO/MainProcess] Task myapp.tasks.mark_submission_async[607356a1-2200-436f-91ad-5d21f7d2fd4c] received
[2026-03-05 06:06:02,910: WARNING/ForkPoolWorker-2] Step 2: Marking actually started with sessionid: 1108001
[2026-03-05 06:06:02,910: WARNING/ForkPoolWorker-2] Step 2a: sessionid type = <class 'int'>, value = 1108001
[2026-03-05 06:06:03,105: WARNING/ForkPoolWorker-2] No matching deadline found for sessionid 1108001, student APLMIA001, course MAM1014F, class None, tutorial TUT1
[2026-03-05 06:06:03,105: INFO/ForkPoolWorker-2] [Celery Task] ✓ Completed marking for submission 1108001
[2026-03-05 06:06:03,106: INFO/ForkPoolWorker-2] Task myapp.tasks.mark_submission_async[b2c1be93-451c-4b41-a236-60cd5374dfce] succeeded in 0.19629345799330622s: {'status': 'success', 'submission_id': 1108001}
[2026-03-05 06:06:03,107: INFO/ForkPoolWorker-2] [Celery Task] Starting marking for submission 1108003
[2026-03-05 06:06:03,107: WARNING/ForkPoolWorker-2] Step 2: Marking actually started with sessionid: 1108003
[2026-03-05 06:06:03,107: WARNING/ForkPoolWorker-2] Step 2a: sessionid type = <class 'int'>, value = 1108003
[2026-03-05 06:06:03,107: INFO/MainProcess] Task myapp.tasks.mark_submission_async[794bb6ae-6fe1-4538-b2c8-b365f6c3984a] received
[2026-03-05 06:06:03,125: WARNING/ForkPoolWorker-1] head_phrase: 12.5 %
[2026-03-05 06:06:03,125: WARNING/ForkPoolWorker-1]  
[2026-03-05 06:06:03,125: WARNING/ForkPoolWorker-1] head_token: %
[2026-03-05 06:06:03,126: WARNING/ForkPoolWorker-1] Extracted head phrase before simplification: '12.5 %'
[2026-03-05 06:06:03,126: WARNING/ForkPoolWorker-1]  
[2026-03-05 06:06:03,126: WARNING/ForkPoolWorker-1] with head token: '%'
[2026-03-05 06:06:03,126: WARNING/ForkPoolWorker-1] Student whole: 12.5 %
[2026-03-05 06:06:03,141: WARNING/ForkPoolWorker-1] Student root nouns: ['%']
[2026-03-05 06:06:03,210: WARNING/ForkPoolWorker-2] No matching deadline found for sessionid 1108003, student MHMRAI006, course MAM1014F, class Lecture Group 2, tutorial TUT1
[2026-03-05 06:06:03,211: INFO/ForkPoolWorker-2] [Celery Task] ✓ Completed marking for submission 1108003
[2026-03-05 06:06:03,212: INFO/ForkPoolWorker-2] Task myapp.tasks.mark_submission_async[ad6c7cf8-0931-42d1-808d-3e9b8092810f] succeeded in 0.10522579099051654s: {'status': 'success', 'submission_id': 1108003}
[2026-03-05 06:06:03,213: INFO/ForkPoolWorker-2] [Celery Task] Starting marking for submission 1108004
[2026-03-05 06:06:03,213: WARNING/ForkPoolWorker-2] Step 2: Marking actually started with sessionid: 1108004
[2026-03-05 06:06:03,213: WARNING/ForkPoolWorker-2] Step 2a: sessionid type = <class 'int'>, value = 1108004
[2026-03-05 06:06:03,214: INFO/MainProcess] Task myapp.tasks.mark_submission_async[ba4f3d7d-6d64-4cc0-884d-134cb6b305d9] received
[2026-03-05 06:06:03,322: WARNING/ForkPoolWorker-2] No matching deadline found for sessionid 1108004, student RTNKAT001, course MAM1014F, class Lecture Group 2, tutorial TUT1
[2026-03-05 06:06:03,322: INFO/ForkPoolWorker-2] [Celery Task] ✓ Completed marking for submission 1108004
[2026-03-05 06:06:03,323: INFO/ForkPoolWorker-2] Task myapp.tasks.mark_submission_async[607356a1-2200-436f-91ad-5d21f7d2fd4c] succeeded in 0.10998908302281052s: {'status': 'success', 'submission_id': 1108004}
[2026-03-05 06:06:03,324: INFO/ForkPoolWorker-2] [Celery Task] Starting marking for submission 1108007
[2026-03-05 06:06:03,325: WARNING/ForkPoolWorker-2] Step 2: Marking actually started with sessionid: 1108007
[2026-03-05 06:06:03,325: WARNING/ForkPoolWorker-2] Step 2a: sessionid type = <class 'int'>, value = 1108007
[2026-03-05 06:06:03,325: INFO/MainProcess] Task myapp.tasks.mark_submission_async[89e5b7c1-2272-4f16-bb28-cc8cd99574b3] received
[2026-03-05 06:06:03,423: WARNING/ForkPoolWorker-2] No matching deadline found for sessionid 1108007, student APLMIA001, course MAM1014F, class None, tutorial TUT1
[2026-03-05 06:06:03,423: INFO/ForkPoolWorker-2] [Celery Task] ✓ Completed marking for submission 1108007
[2026-03-05 06:06:03,425: INFO/ForkPoolWorker-2] Task myapp.tasks.mark_submission_async[794bb6ae-6fe1-4538-b2c8-b365f6c3984a] succeeded in 0.10078229196369648s: {'status': 'success', 'submission_id': 1108007}
[2026-03-05 06:06:03,427: INFO/ForkPoolWorker-2] [Celery Task] Starting marking for submission 1108009
[2026-03-05 06:06:03,427: WARNING/ForkPoolWorker-2] Step 2: Marking actually started with sessionid: 1108009
[2026-03-05 06:06:03,427: INFO/MainProcess] Task myapp.tasks.mark_submission_async[444e3b72-3608-44aa-9735-1e93e4a06616] received
[2026-03-05 06:06:03,427: WARNING/ForkPoolWorker-2] Step 2a: sessionid type = <class 'int'>, value = 1108009
[2026-03-05 06:06:03,587: WARNING/ForkPoolWorker-1] head_phrase: 12.5% of employed people in South Africa in 2023
[2026-03-05 06:06:03,588: WARNING/ForkPoolWorker-1]  
[2026-03-05 06:06:03,588: WARNING/ForkPoolWorker-1] head_token: %
[2026-03-05 06:06:03,588: WARNING/ForkPoolWorker-1] Extracted head phrase before simplification: '12.5% of employed people in South Africa in 2023'
[2026-03-05 06:06:03,588: WARNING/ForkPoolWorker-1]  
[2026-03-05 06:06:03,588: WARNING/ForkPoolWorker-1] with head token: '%'
[2026-03-05 06:06:03,588: WARNING/ForkPoolWorker-1] Expected base for variant 6: employed people in South Africa in 2023
[2026-03-05 06:06:03,612: WARNING/ForkPoolWorker-1] Expected root nouns for variant 6: ['people']
[2026-03-05 06:06:03,612: WARNING/ForkPoolWorker-1] No match. Student: '%', Expected: ['people']
[2026-03-05 06:06:03,619: WARNING/ForkPoolWorker-2] No student class found for studentid A-MAM1014F and course MAM1014F
[2026-03-05 06:06:03,619: INFO/ForkPoolWorker-2] [Celery Task] ✓ Completed marking for submission 1108009
[2026-03-05 06:06:03,620: INFO/ForkPoolWorker-2] Task myapp.tasks.mark_submission_async[ba4f3d7d-6d64-4cc0-884d-134cb6b305d9] succeeded in 0.19377849996089935s: {'status': 'success', 'submission_id': 1108009}
[2026-03-05 06:06:03,621: INFO/ForkPoolWorker-2] [Celery Task] Starting marking for submission 1108011
[2026-03-05 06:06:03,622: WARNING/ForkPoolWorker-2] Step 2: Marking actually started with sessionid: 1108011
[2026-03-05 06:06:03,622: WARNING/ForkPoolWorker-2] Step 2a: sessionid type = <class 'int'>, value = 1108011
[2026-03-05 06:06:03,622: INFO/MainProcess] Task myapp.tasks.mark_submission_async[790c0b1a-29db-4510-aad5-15a7289935c7] received
[2026-03-05 06:06:03,736: WARNING/ForkPoolWorker-2] No matching deadline found for sessionid 1108011, student FLBTAL001, course MAM1014F, class Lecture Group 2, tutorial TUT1
[2026-03-05 06:06:03,736: INFO/ForkPoolWorker-2] [Celery Task] ✓ Completed marking for submission 1108011
[2026-03-05 06:06:03,737: INFO/ForkPoolWorker-2] Task myapp.tasks.mark_submission_async[89e5b7c1-2272-4f16-bb28-cc8cd99574b3] succeeded in 0.11628816707525402s: {'status': 'success', 'submission_id': 1108011}
[2026-03-05 06:06:03,739: INFO/ForkPoolWorker-2] [Celery Task] Starting marking for submission 1108013
[2026-03-05 06:06:03,739: WARNING/ForkPoolWorker-2] Step 2: Marking actually started with sessionid: 1108013
[2026-03-05 06:06:03,739: INFO/MainProcess] Task myapp.tasks.mark_submission_async[3e572a68-b48b-4646-ac34-10d24cab5cfe] received
[2026-03-05 06:06:03,739: WARNING/ForkPoolWorker-2] Step 2a: sessionid type = <class 'int'>, value = 1108013
[2026-03-05 06:06:03,801: WARNING/ForkPoolWorker-1] Marking NLP answer: 7.7% means that out of all females in South Africa in 1999, 7.7% were in the 30-34 age group. for question_md_id: 35
[2026-03-05 06:06:03,805: WARNING/ForkPoolWorker-1] Using NLP rule_id: 3, language: en, spacy_model: en_core_web_md
[2026-03-05 06:06:03,844: WARNING/ForkPoolWorker-2] No matching deadline found for sessionid 1108013, student TRNSET001, course MAM1022F, class Lecture Group 1, tutorial TUT1
[2026-03-05 06:06:03,844: INFO/ForkPoolWorker-2] [Celery Task] ✓ Completed marking for submission 1108013
[2026-03-05 06:06:03,845: INFO/ForkPoolWorker-2] Task myapp.tasks.mark_submission_async[444e3b72-3608-44aa-9735-1e93e4a06616] succeeded in 0.10660570801701397s: {'status': 'success', 'submission_id': 1108013}
[2026-03-05 06:06:03,846: INFO/ForkPoolWorker-2] [Celery Task] Starting marking for submission 1108015
[2026-03-05 06:06:03,847: WARNING/ForkPoolWorker-2] Step 2: Marking actually started with sessionid: 1108015
[2026-03-05 06:06:03,847: WARNING/ForkPoolWorker-2] Step 2a: sessionid type = <class 'int'>, value = 1108015
[2026-03-05 06:06:03,847: INFO/MainProcess] Task myapp.tasks.mark_submission_async[76beeacf-1e5c-459b-9393-64ccb9113f16] received
[2026-03-05 06:06:03,962: WARNING/ForkPoolWorker-2] No matching deadline found for sessionid 1108015, student NTWLIN002, course MAM1014F, class Lecture Group 1, tutorial TUT1
[2026-03-05 06:06:03,962: INFO/ForkPoolWorker-2] [Celery Task] ✓ Completed marking for submission 1108015
[2026-03-05 06:06:03,963: INFO/ForkPoolWorker-2] Task myapp.tasks.mark_submission_async[790c0b1a-29db-4510-aad5-15a7289935c7] succeeded in 0.11712162499316037s: {'status': 'success', 'submission_id': 1108015}
[2026-03-05 06:06:03,965: INFO/MainProcess] Task myapp.tasks.mark_submission_async[c1b4f2d4-34a4-40c4-9da6-49dc4fc9b7d1] received
[2026-03-05 06:06:03,967: INFO/ForkPoolWorker-2] [Celery Task] Starting marking for submission 1108016
[2026-03-05 06:06:03,967: WARNING/ForkPoolWorker-2] Step 2: Marking actually started with sessionid: 1108016
[2026-03-05 06:06:03,968: WARNING/ForkPoolWorker-2] Step 2a: sessionid type = <class 'int'>, value = 1108016
[2026-03-05 06:06:04,160: WARNING/ForkPoolWorker-2] No matching deadline found for sessionid 1108016, student NDLMBA040, course MAM1022F, class Lecture Group 2, tutorial TUT1
[2026-03-05 06:06:04,160: INFO/ForkPoolWorker-2] [Celery Task] ✓ Completed marking for submission 1108016
[2026-03-05 06:06:04,164: INFO/ForkPoolWorker-2] Task myapp.tasks.mark_submission_async[3e572a68-b48b-4646-ac34-10d24cab5cfe] succeeded in 0.19756770797539502s: {'status': 'success', 'submission_id': 1108016}
[2026-03-05 06:06:04,167: INFO/MainProcess] Task myapp.tasks.mark_submission_async[8e92e586-20b0-4032-81d8-8fd51b39bfd9] received
[2026-03-05 06:06:04,167: INFO/ForkPoolWorker-2] [Celery Task] Starting marking for submission 1108018
[2026-03-05 06:06:04,167: WARNING/ForkPoolWorker-2] Step 2: Marking actually started with sessionid: 1108018
[2026-03-05 06:06:04,168: WARNING/ForkPoolWorker-2] Step 2a: sessionid type = <class 'int'>, value = 1108018
[2026-03-05 06:06:04,298: WARNING/ForkPoolWorker-2] No matching deadline found for sessionid 1108018, student DNXKIR004, course MAM1014F, class Lecture Group 2, tutorial TUT1
[2026-03-05 06:06:04,299: INFO/ForkPoolWorker-2] [Celery Task] ✓ Completed marking for submission 1108018
[2026-03-05 06:06:04,300: INFO/ForkPoolWorker-2] Task myapp.tasks.mark_submission_async[76beeacf-1e5c-459b-9393-64ccb9113f16] succeeded in 0.13428958400618285s: {'status': 'success', 'submission_id': 1108018}
[2026-03-05 06:06:04,302: INFO/ForkPoolWorker-2] [Celery Task] Starting marking for submission 1108020
[2026-03-05 06:06:04,302: WARNING/ForkPoolWorker-2] Step 2: Marking actually started with sessionid: 1108020
[2026-03-05 06:06:04,303: INFO/MainProcess] Task myapp.tasks.mark_submission_async[878c7ec2-2ebb-4f36-8be5-b24eb08b5ec9] received
[2026-03-05 06:06:04,303: WARNING/ForkPoolWorker-2] Step 2a: sessionid type = <class 'int'>, value = 1108020
[2026-03-05 06:06:04,415: WARNING/ForkPoolWorker-2] No matching deadline found for sessionid 1108020, student BRNKAU006, course MAM1014F, class Lecture Group 2, tutorial TUT1
[2026-03-05 06:06:04,415: INFO/ForkPoolWorker-2] [Celery Task] ✓ Completed marking for submission 1108020
[2026-03-05 06:06:04,417: INFO/ForkPoolWorker-2] Task myapp.tasks.mark_submission_async[c1b4f2d4-34a4-40c4-9da6-49dc4fc9b7d1] succeeded in 0.11530362500343472s: {'status': 'success', 'submission_id': 1108020}
[2026-03-05 06:06:04,418: INFO/ForkPoolWorker-2] [Celery Task] Starting marking for submission 1108022
[2026-03-05 06:06:04,419: WARNING/ForkPoolWorker-2] Step 2: Marking actually started with sessionid: 1108022
[2026-03-05 06:06:04,419: INFO/MainProcess] Task myapp.tasks.mark_submission_async[8bbfe782-8535-4360-866c-589d543e357d] received
[2026-03-05 06:06:04,419: WARNING/ForkPoolWorker-2] Step 2a: sessionid type = <class 'int'>, value = 1108022
[2026-03-05 06:06:04,613: WARNING/ForkPoolWorker-2] No matching deadline found for sessionid 1108022, student MGGMAR007, course MAM1014F, class Lecture Group 2, tutorial A1.X
[2026-03-05 06:06:04,614: INFO/ForkPoolWorker-2] [Celery Task] ✓ Completed marking for submission 1108022
[2026-03-05 06:06:04,615: INFO/ForkPoolWorker-2] Task myapp.tasks.mark_submission_async[8e92e586-20b0-4032-81d8-8fd51b39bfd9] succeeded in 0.19718279200606048s: {'status': 'success', 'submission_id': 1108022}
[2026-03-05 06:06:04,617: INFO/ForkPoolWorker-2] [Celery Task] Starting marking for submission 1108024
[2026-03-05 06:06:04,617: WARNING/ForkPoolWorker-2] Step 2: Marking actually started with sessionid: 1108024
[2026-03-05 06:06:04,618: WARNING/ForkPoolWorker-2] Step 2a: sessionid type = <class 'int'>, value = 1108024
[2026-03-05 06:06:04,618: INFO/MainProcess] Task myapp.tasks.mark_submission_async[675c5bd0-5055-4156-aaa5-6be83b1d5d87] received
[2026-03-05 06:06:04,622: INFO/MainProcess] Task myapp.tasks.mark_submission_async[334143aa-b084-4306-8175-8988433430e6] received
[2026-03-05 06:06:04,742: WARNING/ForkPoolWorker-2] No matching deadline found for sessionid 1108024, student MGGMAR007, course MAM1014F, class Lecture Group 2, tutorial A1.X
[2026-03-05 06:06:04,743: INFO/ForkPoolWorker-2] [Celery Task] ✓ Completed marking for submission 1108024
[2026-03-05 06:06:04,744: INFO/ForkPoolWorker-2] Task myapp.tasks.mark_submission_async[878c7ec2-2ebb-4f36-8be5-b24eb08b5ec9] succeeded in 0.12750058295205235s: {'status': 'success', 'submission_id': 1108024}
[2026-03-05 06:06:04,746: INFO/ForkPoolWorker-2] [Celery Task] Starting marking for submission 1108026
[2026-03-05 06:06:04,746: WARNING/ForkPoolWorker-2] Step 2: Marking actually started with sessionid: 1108026
[2026-03-05 06:06:04,747: WARNING/ForkPoolWorker-2] Step 2a: sessionid type = <class 'int'>, value = 1108026
[2026-03-05 06:06:04,860: WARNING/ForkPoolWorker-2] No matching deadline found for sessionid 1108026, student PRKAAL005, course MAM1014F, class Lecture Group 2, tutorial TUT1
[2026-03-05 06:06:04,861: INFO/ForkPoolWorker-2] [Celery Task] ✓ Completed marking for submission 1108026
[2026-03-05 06:06:04,862: INFO/ForkPoolWorker-2] Task myapp.tasks.mark_submission_async[8bbfe782-8535-4360-866c-589d543e357d] succeeded in 0.11662970797624439s: {'status': 'success', 'submission_id': 1108026}
[2026-03-05 06:06:04,864: INFO/ForkPoolWorker-2] [Celery Task] Starting marking for submission 1107989
[2026-03-05 06:06:04,865: INFO/MainProcess] Task myapp.tasks.mark_submission_async[5edd2606-cc48-4522-9d4b-e0cd4b883c21] received
[2026-03-05 06:06:04,865: WARNING/ForkPoolWorker-2] Step 2: Marking actually started with sessionid: 1107989
[2026-03-05 06:06:04,865: WARNING/ForkPoolWorker-2] Step 2a: sessionid type = <class 'int'>, value = 1107989
[2026-03-05 06:06:04,866: INFO/MainProcess] Task myapp.tasks.mark_submission_async[5555d4bd-fab2-4d1a-9266-2978063c3dad] received
[2026-03-05 06:06:04,981: WARNING/ForkPoolWorker-2] No matching deadline found for sessionid 1107989, student MGBCHU001, course MAM1014F, class Lecture Group 2, tutorial TUT1
[2026-03-05 06:06:04,982: INFO/ForkPoolWorker-2] [Celery Task] ✓ Completed marking for submission 1107989
[2026-03-05 06:06:04,983: INFO/ForkPoolWorker-2] Task myapp.tasks.mark_submission_async[675c5bd0-5055-4156-aaa5-6be83b1d5d87] succeeded in 0.11990225000772625s: {'status': 'success', 'submission_id': 1107989}
[2026-03-05 06:06:04,988: INFO/ForkPoolWorker-2] [Celery Task] Starting marking for submission 1107998
[2026-03-05 06:06:04,988: WARNING/ForkPoolWorker-2] Step 2: Marking actually started with sessionid: 1107998
[2026-03-05 06:06:04,989: WARNING/ForkPoolWorker-2] Step 2a: sessionid type = <class 'int'>, value = 1107998
[2026-03-05 06:06:05,141: WARNING/ForkPoolWorker-1] Found potential equative ROOT: 'were' (lemma: 'be')
[2026-03-05 06:06:05,176: WARNING/ForkPoolWorker-1] head_phrase: 7.7 %
[2026-03-05 06:06:05,177: WARNING/ForkPoolWorker-1]  
[2026-03-05 06:06:05,177: WARNING/ForkPoolWorker-1] head_token: %
[2026-03-05 06:06:05,177: WARNING/ForkPoolWorker-1] Extracted head phrase before simplification: '7.7 %'
[2026-03-05 06:06:05,178: WARNING/ForkPoolWorker-1]  
[2026-03-05 06:06:05,178: WARNING/ForkPoolWorker-1] with head token: '%'
[2026-03-05 06:06:05,178: WARNING/ForkPoolWorker-1] Student whole: 7.7 %
[2026-03-05 06:06:05,191: WARNING/ForkPoolWorker-2] No matching deadline found for sessionid 1107998, student CHLLYL001, course MAM1014F, class Lecture Group 2, tutorial TUT1
[2026-03-05 06:06:05,192: INFO/ForkPoolWorker-2] [Celery Task] ✓ Completed marking for submission 1107998
[2026-03-05 06:06:05,193: INFO/ForkPoolWorker-2] Task myapp.tasks.mark_submission_async[334143aa-b084-4306-8175-8988433430e6] succeeded in 0.20818983297795057s: {'status': 'success', 'submission_id': 1107998}
[2026-03-05 06:06:05,195: INFO/ForkPoolWorker-2] [Celery Task] Starting marking for submission 1108006
[2026-03-05 06:06:05,195: WARNING/ForkPoolWorker-2] Step 2: Marking actually started with sessionid: 1108006
[2026-03-05 06:06:05,195: WARNING/ForkPoolWorker-2] Step 2a: sessionid type = <class 'int'>, value = 1108006
[2026-03-05 06:06:05,223: WARNING/ForkPoolWorker-1] Student root nouns: ['%']
[2026-03-05 06:06:05,300: WARNING/ForkPoolWorker-2] No matching deadline found for sessionid 1108006, student BRWFAI006, course MAM1014F, class Lecture Group 2, tutorial TUT1
[2026-03-05 06:06:05,301: INFO/ForkPoolWorker-2] [Celery Task] ✓ Completed marking for submission 1108006
[2026-03-05 06:06:05,302: INFO/ForkPoolWorker-2] Task myapp.tasks.mark_submission_async[5edd2606-cc48-4522-9d4b-e0cd4b883c21] succeeded in 0.10768216592259705s: {'status': 'success', 'submission_id': 1108006}
[2026-03-05 06:06:05,304: INFO/ForkPoolWorker-2] [Celery Task] Starting marking for submission 1108017
[2026-03-05 06:06:05,304: WARNING/ForkPoolWorker-2] Step 2: Marking actually started with sessionid: 1108017
[2026-03-05 06:06:05,305: WARNING/ForkPoolWorker-2] Step 2a: sessionid type = <class 'int'>, value = 1108017
[2026-03-05 06:06:05,446: WARNING/ForkPoolWorker-2] No matching deadline found for sessionid 1108017, student WGGKAY001, course MAM1014F, class Lecture Group 2, tutorial TUT1
[2026-03-05 06:06:05,447: INFO/ForkPoolWorker-2] [Celery Task] ✓ Completed marking for submission 1108017
[2026-03-05 06:06:05,448: INFO/ForkPoolWorker-2] Task myapp.tasks.mark_submission_async[5555d4bd-fab2-4d1a-9266-2978063c3dad] succeeded in 0.14487025002017617s: {'status': 'success', 'submission_id': 1108017}
[2026-03-05 06:06:05,450: INFO/MainProcess] Task myapp.tasks.mark_submission_async[4990dd05-09e3-4878-86c1-2ff884d51d9e] received
[2026-03-05 06:06:05,788: INFO/MainProcess] Task myapp.tasks.mark_submission_async[d4743841-0b17-4552-ae52-756d61cce884] received
[2026-03-05 06:06:06,030: INFO/MainProcess] Task myapp.tasks.mark_submission_async[2a76189a-7746-4a8e-b9cc-07fb94c89574] received
[2026-03-05 06:06:06,400: WARNING/ForkPoolWorker-1] Found potential equative ROOT: 'was' (lemma: 'be')
[2026-03-05 06:06:06,420: WARNING/ForkPoolWorker-1] head_phrase: 7.7% of the female population in South Africa in October in 1999
[2026-03-05 06:06:06,421: WARNING/ForkPoolWorker-1]  
[2026-03-05 06:06:06,421: WARNING/ForkPoolWorker-1] head_token: %
[2026-03-05 06:06:06,421: WARNING/ForkPoolWorker-1] Extracted head phrase before simplification: '7.7% of the female population in South Africa in October in 1999'
[2026-03-05 06:06:06,421: WARNING/ForkPoolWorker-1]  
[2026-03-05 06:06:06,422: WARNING/ForkPoolWorker-1] with head token: '%'
[2026-03-05 06:06:06,422: WARNING/ForkPoolWorker-1] Expected base for variant 7: the female population in South Africa in October in 1999
[2026-03-05 06:06:06,440: WARNING/ForkPoolWorker-1] Expected root nouns for variant 7: ['population']
[2026-03-05 06:06:06,440: WARNING/ForkPoolWorker-1] No match. Student: '%', Expected: ['population']
[2026-03-05 06:06:06,986: WARNING/ForkPoolWorker-1] Marking NLP answer:  for question_md_id: 36
[2026-03-05 06:06:06,986: WARNING/ForkPoolWorker-1] No answer text provided
[2026-03-05 06:06:08,019: WARNING/ForkPoolWorker-1] Marking chart answer for question_md_id: 28
[2026-03-05 06:06:08,026: WARNING/ForkPoolWorker-1] Using chart rule_id: 2, expected type: xlColumnClustered
[2026-03-05 06:06:08,027: WARNING/ForkPoolWorker-1] Chart type match: xlColumnClustered -> Column
[2026-03-05 06:06:08,027: WARNING/ForkPoolWorker-1] Title present
[2026-03-05 06:06:08,027: WARNING/ForkPoolWorker-1] X-axis title present
[2026-03-05 06:06:08,027: WARNING/ForkPoolWorker-1] Y-axis title present
[2026-03-05 06:06:08,035: WARNING/ForkPoolWorker-1] Series data partial match
[2026-03-05 06:06:08,035: WARNING/ForkPoolWorker-1] Final mark: 6/9
[2026-03-05 06:06:08,045: WARNING/ForkPoolWorker-1] Marking chart answer for question_md_id: 29
[2026-03-05 06:06:08,050: WARNING/ForkPoolWorker-1] Using chart rule_id: 3, expected type: xlColumnClustered
[2026-03-05 06:06:08,051: WARNING/ForkPoolWorker-1] Chart type mismatch: xlBarClustered vs xlColumnClustered
[2026-03-05 06:06:08,051: WARNING/ForkPoolWorker-1] Title present
[2026-03-05 06:06:08,051: WARNING/ForkPoolWorker-1] X-axis title present
[2026-03-05 06:06:08,051: WARNING/ForkPoolWorker-1] Y-axis title present
[2026-03-05 06:06:08,057: WARNING/ForkPoolWorker-1] Series data mismatch
[2026-03-05 06:06:08,058: WARNING/ForkPoolWorker-1] Final mark: 3/9
[2026-03-05 06:06:08,072: INFO/ForkPoolWorker-1] [Celery Task] ✓ Completed marking for submission 1107986
[2026-03-05 06:06:08,073: INFO/ForkPoolWorker-1] Task myapp.tasks.mark_submission_async[df08a5e3-94f8-4c16-9541-b5cb96aa0465] succeeded in 6.067707708105445s: {'status': 'success', 'submission_id': 1107986}
[2026-03-05 06:06:08,392: INFO/MainProcess] Task myapp.tasks.mark_submission_async[d5447217-8eda-42c8-8725-8180f12e5625] received
[2026-03-05 06:06:08,453: INFO/ForkPoolWorker-2] [Celery Task] Starting marking for submission 1108019
[2026-03-05 06:06:08,454: WARNING/ForkPoolWorker-2] Step 2: Marking actually started with sessionid: 1108019
[2026-03-05 06:06:08,455: WARNING/ForkPoolWorker-2] Step 2a: sessionid type = <class 'int'>, value = 1108019
[2026-03-05 06:06:08,564: WARNING/ForkPoolWorker-2] No matching deadline found for sessionid 1108019, student BKRSHE004, course MAM1014F, class Lecture Group 2, tutorial TUT1
[2026-03-05 06:06:08,565: INFO/ForkPoolWorker-2] [Celery Task] ✓ Completed marking for submission 1108019
[2026-03-05 06:06:08,567: INFO/ForkPoolWorker-2] Task myapp.tasks.mark_submission_async[4990dd05-09e3-4878-86c1-2ff884d51d9e] succeeded in 0.1154274590080604s: {'status': 'success', 'submission_id': 1108019}
[2026-03-05 06:06:08,794: INFO/ForkPoolWorker-2] [Celery Task] Starting marking for submission 1108023
[2026-03-05 06:06:08,795: WARNING/ForkPoolWorker-2] Step 2: Marking actually started with sessionid: 1108023
[2026-03-05 06:06:08,795: WARNING/ForkPoolWorker-2] Step 2a: sessionid type = <class 'int'>, value = 1108023
[2026-03-05 06:06:08,907: WARNING/ForkPoolWorker-2] No matching deadline found for sessionid 1108023, student LKTBON001, course MAM1014F, class Lecture Group 2, tutorial TUT1
[2026-03-05 06:06:08,907: INFO/ForkPoolWorker-2] [Celery Task] ✓ Completed marking for submission 1108023
[2026-03-05 06:06:08,908: INFO/ForkPoolWorker-2] Task myapp.tasks.mark_submission_async[d4743841-0b17-4552-ae52-756d61cce884] succeeded in 0.11797550006303936s: {'status': 'success', 'submission_id': 1108023}
[2026-03-05 06:06:09,034: INFO/ForkPoolWorker-2] [Celery Task] Starting marking for submission 1108027
[2026-03-05 06:06:09,035: WARNING/ForkPoolWorker-2] Step 2: Marking actually started with sessionid: 1108027
[2026-03-05 06:06:09,036: WARNING/ForkPoolWorker-2] Step 2a: sessionid type = <class 'int'>, value = 1108027
[2026-03-05 06:06:09,060: INFO/MainProcess] Task myapp.tasks.mark_submission_async[f4a5d0d1-896e-463b-bd3d-15d3c44b3ead] received
[2026-03-05 06:06:09,216: WARNING/ForkPoolWorker-2] No matching deadline found for sessionid 1108027, student SLMLEA004, course MAM1014F, class Lecture Group 1, tutorial TUT1
[2026-03-05 06:06:09,217: INFO/ForkPoolWorker-2] [Celery Task] ✓ Completed marking for submission 1108027
[2026-03-05 06:06:09,220: INFO/ForkPoolWorker-2] Task myapp.tasks.mark_submission_async[2a76189a-7746-4a8e-b9cc-07fb94c89574] succeeded in 0.1871757919434458s: {'status': 'success', 'submission_id': 1108027}
[2026-03-05 06:06:16,161: INFO/MainProcess] Task myapp.tasks.mark_submission_async[b0f2e8dd-e347-4870-956b-98d136513df6] received
[2026-03-05 06:06:17,164: INFO/ForkPoolWorker-2] [Celery Task] Starting marking for submission 1108028
[2026-03-05 06:06:17,165: WARNING/ForkPoolWorker-2] Step 2: Marking actually started with sessionid: 1108028
[2026-03-05 06:06:17,165: WARNING/ForkPoolWorker-2] Step 2a: sessionid type = <class 'int'>, value = 1108028
[2026-03-05 06:06:17,309: WARNING/ForkPoolWorker-2] No matching deadline found for sessionid 1108028, student MGBCHU001, course MAM1014F, class Lecture Group 2, tutorial TUT1
[2026-03-05 06:06:17,310: INFO/ForkPoolWorker-2] [Celery Task] ✓ Completed marking for submission 1108028
[2026-03-05 06:06:17,311: INFO/ForkPoolWorker-2] Task myapp.tasks.mark_submission_async[b0f2e8dd-e347-4870-956b-98d136513df6] succeeded in 0.1486469169612974s: {'status': 'success', 'submission_id': 1108028}
[2026-03-05 06:06:17,394: INFO/ForkPoolWorker-2] [Celery Task] Starting marking for submission 1108005
[2026-03-05 06:06:17,395: WARNING/ForkPoolWorker-2] Step 2: Marking actually started with sessionid: 1108005
[2026-03-05 06:06:17,396: WARNING/ForkPoolWorker-2] Step 2a: sessionid type = <class 'int'>, value = 1108005
[2026-03-05 06:06:17,504: WARNING/ForkPoolWorker-2] No matching deadline found for sessionid 1108005, student CHLLYL001, course MAM1014F, class Lecture Group 2, tutorial TUT1
[2026-03-05 06:06:17,505: INFO/ForkPoolWorker-2] [Celery Task] ✓ Completed marking for submission 1108005
[2026-03-05 06:06:17,507: INFO/ForkPoolWorker-2] Task myapp.tasks.mark_submission_async[d5447217-8eda-42c8-8725-8180f12e5625] succeeded in 0.11442408408038318s: {'status': 'success', 'submission_id': 1108005}
[2026-03-05 06:06:18,062: INFO/ForkPoolWorker-2] [Celery Task] Starting marking for submission 1108025
[2026-03-05 06:06:18,063: WARNING/ForkPoolWorker-2] Step 2: Marking actually started with sessionid: 1108025
[2026-03-05 06:06:18,063: WARNING/ForkPoolWorker-2] Step 2a: sessionid type = <class 'int'>, value = 1108025
[2026-03-05 06:06:18,259: WARNING/ForkPoolWorker-2] No matching deadline found for sessionid 1108025, student MBTAVU002, course MAM1014F, class Lecture Group 1, tutorial TUT1
[2026-03-05 06:06:18,260: INFO/ForkPoolWorker-2] [Celery Task] ✓ Completed marking for submission 1108025
[2026-03-05 06:06:18,262: INFO/ForkPoolWorker-2] Task myapp.tasks.mark_submission_async[f4a5d0d1-896e-463b-bd3d-15d3c44b3ead] succeeded in 0.2014751659007743s: {'status': 'success', 'submission_id': 1108025}
[2026-03-05 06:21:45,397: INFO/MainProcess] missed heartbeat from worker1@Jumanis-MacBook-Pro.local
[2026-03-05 06:36:49,080: INFO/MainProcess] missed heartbeat from worker1@Jumanis-MacBook-Pro.local
[2026-03-05 07:02:25,638: INFO/MainProcess] missed heartbeat from worker1@Jumanis-MacBook-Pro.local
[2026-03-05 07:03:48,135: INFO/MainProcess] missed heartbeat from worker1@Jumanis-MacBook-Pro.local
[2026-03-05 07:05:46,589: INFO/MainProcess] missed heartbeat from worker1@Jumanis-MacBook-Pro.local
[2026-03-05 07:05:55,456: INFO/MainProcess] Task myapp.tasks.mark_submission_async[db71d29d-2bc3-4ba2-8f4a-7b29bba3123b] received
[2026-03-05 07:05:56,455: INFO/ForkPoolWorker-2] [Celery Task] Starting marking for submission 1108513
[2026-03-05 07:05:56,456: WARNING/ForkPoolWorker-2] Step 2: Marking actually started with sessionid: 1108513
[2026-03-05 07:05:56,456: WARNING/ForkPoolWorker-2] Step 2a: sessionid type = <class 'int'>, value = 1108513
[2026-03-05 07:05:56,577: WARNING/ForkPoolWorker-2] No matching deadline found for sessionid 1108513, student NNDNOM003, course MAM1014F, class Lecture Group 1, tutorial TUT1
[2026-03-05 07:05:56,578: INFO/ForkPoolWorker-2] [Celery Task] ✓ Completed marking for submission 1108513
[2026-03-05 07:05:56,580: INFO/ForkPoolWorker-2] Task myapp.tasks.mark_submission_async[db71d29d-2bc3-4ba2-8f4a-7b29bba3123b] succeeded in 0.1269326660549268s: {'status': 'success', 'submission_id': 1108513}
[2026-03-05 07:06:26,804: INFO/MainProcess] Task myapp.tasks.mark_submission_async[536378be-7935-4b59-8749-f7658b69aff1] received
[2026-03-05 07:06:27,806: INFO/ForkPoolWorker-2] [Celery Task] Starting marking for submission 1108514
[2026-03-05 07:06:27,806: WARNING/ForkPoolWorker-2] Step 2: Marking actually started with sessionid: 1108514
[2026-03-05 07:06:27,807: WARNING/ForkPoolWorker-2] Step 2a: sessionid type = <class 'int'>, value = 1108514
[2026-03-05 07:06:27,949: WARNING/ForkPoolWorker-2] No matching deadline found for sessionid 1108514, student MGGMAR007, course MAM1014F, class Lecture Group 2, tutorial TUT1
[2026-03-05 07:06:27,950: INFO/ForkPoolWorker-2] [Celery Task] ✓ Completed marking for submission 1108514
[2026-03-05 07:06:27,952: INFO/ForkPoolWorker-2] Task myapp.tasks.mark_submission_async[536378be-7935-4b59-8749-f7658b69aff1] succeeded in 0.14741550001781434s: {'status': 'success', 'submission_id': 1108514}
[2026-03-05 07:08:50,219: INFO/MainProcess] Task myapp.tasks.mark_submission_async[766ba02d-60f9-4661-a3c3-b07b043fa8f5] received
[2026-03-05 07:08:50,222: INFO/ForkPoolWorker-2] [Celery Task] Starting marking for submission 1108516
[2026-03-05 07:08:50,222: WARNING/ForkPoolWorker-2] Step 2: Marking actually started with sessionid: 1108516
[2026-03-05 07:08:50,223: WARNING/ForkPoolWorker-2] Step 2a: sessionid type = <class 'int'>, value = 1108516
[2026-03-05 07:08:50,226: INFO/MainProcess] Task myapp.tasks.mark_submission_async[0b97f799-d03e-4776-9a1b-a2a96e6c8623] received
[2026-03-05 07:08:50,227: INFO/MainProcess] Task myapp.tasks.mark_submission_async[70fd248c-a4f7-4458-b0dd-2e6f604ae3ff] received
[2026-03-05 07:08:50,229: INFO/MainProcess] Task myapp.tasks.mark_submission_async[a666a9d2-9a6d-48cb-85aa-6e36cdc61073] received
[2026-03-05 07:08:50,232: INFO/ForkPoolWorker-1] [Celery Task] Starting marking for submission 1108518
[2026-03-05 07:08:50,233: WARNING/ForkPoolWorker-1] Step 2: Marking actually started with sessionid: 1108518
[2026-03-05 07:08:50,234: WARNING/ForkPoolWorker-1] Step 2a: sessionid type = <class 'int'>, value = 1108518
[2026-03-05 07:08:50,605: WARNING/ForkPoolWorker-1] No matching deadline found for sessionid 1108518, student GSHKHA001, course MAM1014F, class None, tutorial TUT1
[2026-03-05 07:08:50,606: INFO/ForkPoolWorker-1] [Celery Task] ✓ Completed marking for submission 1108518
[2026-03-05 07:08:50,608: WARNING/ForkPoolWorker-2] No matching deadline found for sessionid 1108516, student PLSNIL001, course MAM1022F, class Lecture Group 2, tutorial TUT1
[2026-03-05 07:08:50,608: INFO/ForkPoolWorker-1] Task myapp.tasks.mark_submission_async[0b97f799-d03e-4776-9a1b-a2a96e6c8623] succeeded in 0.3798071669880301s: {'status': 'success', 'submission_id': 1108518}
[2026-03-05 07:08:50,609: INFO/ForkPoolWorker-2] [Celery Task] ✓ Completed marking for submission 1108516
[2026-03-05 07:08:50,610: INFO/ForkPoolWorker-2] Task myapp.tasks.mark_submission_async[766ba02d-60f9-4661-a3c3-b07b043fa8f5] succeeded in 0.3889985838904977s: {'status': 'success', 'submission_id': 1108516}
[2026-03-05 07:08:50,611: INFO/ForkPoolWorker-1] [Celery Task] Starting marking for submission 1108519
[2026-03-05 07:08:50,611: WARNING/ForkPoolWorker-1] Step 2: Marking actually started with sessionid: 1108519
[2026-03-05 07:08:50,612: WARNING/ForkPoolWorker-1] Step 2a: sessionid type = <class 'int'>, value = 1108519
[2026-03-05 07:08:50,613: INFO/ForkPoolWorker-2] [Celery Task] Starting marking for submission 1108522
[2026-03-05 07:08:50,613: WARNING/ForkPoolWorker-2] Step 2: Marking actually started with sessionid: 1108522
[2026-03-05 07:08:50,613: WARNING/ForkPoolWorker-2] Step 2a: sessionid type = <class 'int'>, value = 1108522
[2026-03-05 07:08:51,038: WARNING/ForkPoolWorker-2] No matching deadline found for sessionid 1108522, student NNDNOM003, course MAM1014F, class Lecture Group 1, tutorial TUT1
[2026-03-05 07:08:51,039: INFO/ForkPoolWorker-2] [Celery Task] ✓ Completed marking for submission 1108522
[2026-03-05 07:08:51,041: INFO/ForkPoolWorker-2] Task myapp.tasks.mark_submission_async[a666a9d2-9a6d-48cb-85aa-6e36cdc61073] succeeded in 0.4294249169761315s: {'status': 'success', 'submission_id': 1108522}
[2026-03-05 07:08:51,145: WARNING/ForkPoolWorker-1] Step 3: Fetched 136 answers for sessionid 1108519
[2026-03-05 07:08:51,153: WARNING/ForkPoolWorker-1] Marking NLP answer: The number 12.5 is a perctange that represents a group of people in the table. 12.5% represents 2 037 500 of 16 300 000 people, in full ,that work in the manufacturing industry. for question_md_id: 34
[2026-03-05 07:08:51,173: WARNING/ForkPoolWorker-1] Using NLP rule_id: 2, language: en, spacy_model: en_core_web_md
[2026-03-05 07:08:52,037: WARNING/ForkPoolWorker-1] Found potential equative ROOT: 'is' (lemma: 'be')
[2026-03-05 07:08:52,038: WARNING/ForkPoolWorker-1] Found potential equative ROOT: 'represents' (lemma: 'represent')
[2026-03-05 07:08:52,055: WARNING/ForkPoolWorker-1] head_phrase: The number 12.5
[2026-03-05 07:08:52,056: WARNING/ForkPoolWorker-1]  
[2026-03-05 07:08:52,056: WARNING/ForkPoolWorker-1] head_token: number
[2026-03-05 07:08:52,056: WARNING/ForkPoolWorker-1] Extracted head phrase before simplification: 'The number 12.5'
[2026-03-05 07:08:52,056: WARNING/ForkPoolWorker-1]  
[2026-03-05 07:08:52,056: WARNING/ForkPoolWorker-1] with head token: 'number'
[2026-03-05 07:08:52,056: WARNING/ForkPoolWorker-1] Student whole: The number 12.5
[2026-03-05 07:08:52,069: WARNING/ForkPoolWorker-1] Student root nouns: ['number']
[2026-03-05 07:08:52,357: WARNING/ForkPoolWorker-1] head_phrase: 12.5% of employed people in South Africa in 2023
[2026-03-05 07:08:52,357: WARNING/ForkPoolWorker-1]  
[2026-03-05 07:08:52,357: WARNING/ForkPoolWorker-1] head_token: %
[2026-03-05 07:08:52,357: WARNING/ForkPoolWorker-1] Extracted head phrase before simplification: '12.5% of employed people in South Africa in 2023'
[2026-03-05 07:08:52,357: WARNING/ForkPoolWorker-1]  
